[2025-10-18T15:50:49.979Z] ERROR: Failed to process weapons item 871
[2025-10-18T15:50:55.404Z] ERROR: Failed to process weapons item 1292
[2025-10-18T15:52:37.773Z] ERROR: Failed to process weapons item 1481
[2025-10-18T15:52:43.139Z] ERROR: Failed to process weapons item 2044
[2025-10-18T15:52:48.628Z] ERROR: Failed to process weapons item 2807
[2025-10-18T15:58:29.202Z] ERROR: Failed to process weapons item 2878 after 4 attempts
[2025-10-18T15:58:36.159Z] ERROR: Failed to process weapons item 6692 after 4 attempts
[2025-10-18T16:04:43.345Z] ERROR: Failed to process weapons item 2878 after 4 attempts
---
[2025-10-21T23:45:42.399Z] ERROR: Failed to process weapons item 51862 after 4 attempts
---
[2025-10-29T21:19:50.121Z] ERROR: Failed to process weapons item 21268 after 4 attempts
---
[2025-10-29T21:20:22.126Z] ERROR: Failed to process weapons item 21398 after 4 attempts
---
[2025-10-29T21:20:54.129Z] ERROR: Failed to process weapons item 21407 after 4 attempts
---
[2025-10-29T21:21:26.131Z] ERROR: Failed to process weapons item 21410 after 4 attempts
---
[2025-10-29T21:21:58.135Z] ERROR: Failed to process weapons item 21466 after 4 attempts
---
[2025-10-29T21:22:30.139Z] ERROR: Failed to process weapons item 21715 after 4 attempts
---
[2025-10-29T21:23:02.143Z] ERROR: Failed to process weapons item 21837 after 4 attempts
---
[2025-10-29T21:23:34.147Z] ERROR: Failed to process weapons item 21839 after 4 attempts
---
[2025-10-29T21:24:06.151Z] ERROR: Failed to process weapons item 22384 after 4 attempts
---
[2025-10-29T21:24:38.154Z] ERROR: Failed to process weapons item 22808 after 4 attempts
---
[2025-10-29T21:25:10.159Z] ERROR: Failed to process weapons item 22942 after 4 attempts
---
[2025-10-29T21:25:42.163Z] ERROR: Failed to process weapons item 22988 after 4 attempts
---
[2025-10-29T21:26:14.166Z] ERROR: Failed to process weapons item 23056 after 4 attempts
---
[2025-10-29T21:26:46.170Z] ERROR: Failed to process weapons item 23221 after 4 attempts
---
[2025-10-29T21:27:18.173Z] ERROR: Failed to process weapons item 23454 after 4 attempts
---
[2025-10-29T21:27:50.177Z] ERROR: Failed to process weapons item 23464 after 4 attempts
---
[2025-10-29T21:28:22.181Z] ERROR: Failed to process weapons item 55041 after 4 attempts
---
[2025-10-29T21:28:54.184Z] ERROR: Failed to process weapons item 55128 after 4 attempts
---
[2025-10-29T21:29:26.188Z] ERROR: Failed to process weapons item 55276 after 4 attempts
---
[2025-10-29T21:29:58.193Z] ERROR: Failed to process weapons item 55347 after 4 attempts
---
[2025-10-29T21:30:30.197Z] ERROR: Failed to process weapons item 55555 after 4 attempts
---
[2025-10-29T21:31:02.200Z] ERROR: Failed to process weapons item 58214 after 4 attempts
---
[2025-10-29T21:31:34.205Z] ERROR: Failed to process weapons item 61237 after 4 attempts
---
[2025-10-29T21:32:06.211Z] ERROR: Failed to process weapons item 61295 after 4 attempts
---
[2025-10-29T21:32:38.219Z] ERROR: Failed to process weapons item 61651 after 4 attempts
---
[2025-10-29T21:33:10.223Z] ERROR: Failed to process weapons item 80798 after 4 attempts
---
[2025-10-29T21:33:42.227Z] ERROR: Failed to process weapons item 84600 after 4 attempts
---
[2025-10-29T21:34:14.230Z] ERROR: Failed to process weapons item 936 after 4 attempts
---
[2025-10-29T21:34:46.236Z] ERROR: Failed to process weapons item 1483 after 4 attempts
---
[2025-10-29T21:35:18.240Z] ERROR: Failed to process weapons item 2194 after 4 attempts
---
[2025-10-29T21:35:50.242Z] ERROR: Failed to process weapons item 2816 after 4 attempts
---
[2025-10-29T21:36:22.247Z] ERROR: Failed to process weapons item 4090 after 4 attempts
---
[2025-10-29T21:36:54.251Z] ERROR: Failed to process weapons item 7687 after 4 attempts
---
[2025-10-29T21:37:26.261Z] ERROR: Failed to process weapons item 7721 after 4 attempts
---
[2025-10-29T21:37:58.268Z] ERROR: Failed to process weapons item 7736 after 4 attempts
---
[2025-10-29T21:38:30.274Z] ERROR: Failed to process weapons item 7752 after 4 attempts
---
[2025-10-29T21:39:02.278Z] ERROR: Failed to process weapons item 7946 after 4 attempts
---
[2025-10-29T21:39:34.282Z] ERROR: Failed to process weapons item 9386 after 4 attempts
---
[2025-10-29T21:40:06.286Z] ERROR: Failed to process weapons item 9419 after 4 attempts
---
[2025-10-29T21:40:38.290Z] ERROR: Failed to process weapons item 9457 after 4 attempts
---
[2025-10-29T21:41:10.295Z] ERROR: Failed to process weapons item 9488 after 4 attempts
---
[2025-10-29T21:41:42.299Z] ERROR: Failed to process weapons item 9651 after 4 attempts
---
[2025-10-29T21:42:14.302Z] ERROR: Failed to process weapons item 10571 after 4 attempts
---
[2025-10-29T21:42:46.307Z] ERROR: Failed to process weapons item 10838 after 4 attempts
---
[2025-10-30T01:45:50.029Z] ERROR: Failed to process weapons item 10697 after 4 attempts
---
[2025-10-30T01:46:22.034Z] ERROR: Failed to process weapons item 10703 after 4 attempts
---
[2025-10-30T01:46:54.037Z] ERROR: Failed to process weapons item 11856 after 4 attempts
---
[2025-10-30T01:47:26.041Z] ERROR: Failed to process weapons item 12247 after 4 attempts
---
[2025-10-30T01:47:58.044Z] ERROR: Failed to process weapons item 12248 after 4 attempts
---
[2025-10-30T01:48:30.048Z] ERROR: Failed to process weapons item 12259 after 4 attempts
---
[2025-10-30T01:49:02.052Z] ERROR: Failed to process weapons item 14151 after 4 attempts
---
[2025-10-30T01:49:34.057Z] ERROR: Failed to process weapons item 15241 after 4 attempts
---
[2025-10-30T01:50:06.062Z] ERROR: Failed to process weapons item 15242 after 4 attempts
---
[2025-10-30T01:50:38.066Z] ERROR: Failed to process weapons item 15243 after 4 attempts
---
[2025-10-30T01:51:10.070Z] ERROR: Failed to process weapons item 15246 after 4 attempts
---
[2025-10-30T01:51:42.077Z] ERROR: Failed to process weapons item 15247 after 4 attempts
---
[2025-10-30T01:52:14.079Z] ERROR: Failed to process weapons item 15396 after 4 attempts
---
[2025-10-30T01:52:46.084Z] ERROR: Failed to process weapons item 15783 after 4 attempts
---
[2025-10-30T01:53:18.091Z] ERROR: Failed to process weapons item 19965 after 4 attempts
---
[2025-10-30T01:53:50.103Z] ERROR: Failed to process weapons item 20303 after 4 attempts
---
[2025-10-30T01:54:22.109Z] ERROR: Failed to process weapons item 20317 after 4 attempts
---
[2025-10-30T01:54:54.114Z] ERROR: Failed to process weapons item 20647 after 4 attempts
---
[2025-10-30T01:55:26.119Z] ERROR: Failed to process weapons item 51767 after 4 attempts
---
[2025-10-30T01:55:58.124Z] ERROR: Failed to process weapons item 51818 after 4 attempts
---
[2025-10-30T01:56:30.129Z] ERROR: Failed to process weapons item 60743 after 4 attempts
---
[2025-10-30T01:57:02.134Z] ERROR: Failed to process weapons item 60864 after 4 attempts
---
[2025-10-30T01:57:34.140Z] ERROR: Failed to process weapons item 61467 after 4 attempts
---
[2025-10-30T01:58:06.146Z] ERROR: Failed to process weapons item 61633 after 4 attempts
---
[2025-10-30T01:58:38.152Z] ERROR: Failed to process weapons item 80129 after 4 attempts
---
[2025-10-30T01:59:10.158Z] ERROR: Failed to process weapons item 80727 after 4 attempts
---
[2025-10-30T01:59:42.163Z] ERROR: Failed to process weapons item 80821 after 4 attempts
---
[2025-10-30T02:00:14.169Z] ERROR: Failed to process weapons item 80823 after 4 attempts
---
[2025-10-30T02:00:46.175Z] ERROR: Failed to process weapons item 816 after 4 attempts
---
[2025-10-30T02:00:50.025Z] ERROR: Failed to process weapons item 820 after 4 attempts
---
[2025-10-30T02:00:52.029Z] ERROR: Failed to process weapons item 899 after 4 attempts
---
[2025-10-30T02:00:54.032Z] ERROR: Failed to process weapons item 1465 after 4 attempts
---
[2025-10-30T02:00:56.036Z] ERROR: Failed to process weapons item 1917 after 4 attempts
---
[2025-10-30T02:00:58.040Z] ERROR: Failed to process weapons item 2088 after 4 attempts
---
[2025-10-30T02:01:00.043Z] ERROR: Failed to process weapons item 2089 after 4 attempts
---
[2025-10-30T02:01:02.046Z] ERROR: Failed to process weapons item 2169 after 4 attempts
---
[2025-10-30T02:01:04.049Z] ERROR: Failed to process weapons item 2195 after 4 attempts
---
[2025-10-30T02:11:01.169Z] ERROR: Failed to process weapons item 5278 after 4 attempts
---
[2025-10-30T02:11:03.174Z] ERROR: Failed to process weapons item 5281 after 4 attempts
---
[2025-10-30T02:11:05.180Z] ERROR: Failed to process weapons item 5285 after 4 attempts
---
[2025-10-30T02:11:07.183Z] ERROR: Failed to process weapons item 5392 after 4 attempts
---
[2025-10-30T02:19:36.419Z] ERROR: Failed to process weapons item 5605 after 4 attempts
---
[2025-10-30T02:19:38.422Z] ERROR: Failed to process weapons item 6681 after 4 attempts
---
[2025-10-30T02:19:40.425Z] ERROR: Failed to process weapons item 7166 after 4 attempts
---
[2025-10-30T02:19:42.430Z] ERROR: Failed to process weapons item 10616 after 4 attempts
---
[2025-10-30T02:19:44.434Z] ERROR: Failed to process weapons item 10617 after 4 attempts
---
[2025-10-30T02:19:46.437Z] ERROR: Failed to process weapons item 10619 after 4 attempts
---
[2025-10-30T02:19:48.442Z] ERROR: Failed to process weapons item 12991 after 4 attempts
---
[2025-10-30T02:19:50.446Z] ERROR: Failed to process weapons item 21551 after 4 attempts
---
[2025-10-30T02:19:52.450Z] ERROR: Failed to process weapons item 22215 after 4 attempts
---
[2025-10-30T02:19:54.458Z] ERROR: Failed to process weapons item 23369 after 4 attempts
---
[2025-10-30T02:19:56.465Z] ERROR: Failed to process weapons item 24418 after 4 attempts
---
[2025-10-30T02:19:58.469Z] ERROR: Failed to process weapons item 41025 after 4 attempts
---
[2025-10-30T02:20:00.472Z] ERROR: Failed to process weapons item 50342 after 4 attempts
---
[2025-10-30T02:20:02.480Z] ERROR: Failed to process weapons item 58087 after 4 attempts
---
[2025-10-30T02:20:04.484Z] ERROR: Failed to process weapons item 80113 after 4 attempts
---
[2025-10-30T02:20:06.489Z] ERROR: Failed to process weapons item 80211 after 4 attempts
---
[2025-10-30T02:20:08.493Z] ERROR: Failed to process weapons item 2138 after 4 attempts
---
[2025-10-30T02:20:10.497Z] ERROR: Failed to process weapons item 2764 after 4 attempts
---
[2025-10-30T02:20:12.501Z] ERROR: Failed to process weapons item 3786 after 4 attempts
---
[2025-10-30T02:20:14.504Z] ERROR: Failed to process weapons item 5280 after 4 attempts
---
[2025-10-30T02:20:16.509Z] ERROR: Failed to process weapons item 5282 after 4 attempts
---
[2025-10-30T02:20:18.513Z] ERROR: Failed to process weapons item 5283 after 4 attempts
---
[2025-10-30T02:20:20.517Z] ERROR: Failed to process weapons item 5284 after 4 attempts
---
[2025-10-30T02:20:22.523Z] ERROR: Failed to process weapons item 5516 after 4 attempts
---
[2025-10-30T02:35:45.004Z] ERROR: Failed to process weapons item 10618 after 4 attempts
---
[2025-10-30T04:48:14.143Z] ERROR: Failed to process weapons item 20363 after 4 attempts
---
[2025-10-30T05:50:25.880Z] ERROR: Failed to process armor item 20622 after 4 attempts
---
[2025-10-30T05:51:04.735Z] ERROR: Failed to process armor item 21504 after 4 attempts
---
[2025-10-30T05:51:43.525Z] ERROR: Failed to process armor item 21505 after 4 attempts
---
[2025-10-30T06:05:43.857Z] ERROR: Failed to process armor item 21507 after 4 attempts
---
[2025-10-30T06:13:00.564Z] ERROR: Failed to process armor item 47185 after 4 attempts
---
[2025-10-30T06:13:32.694Z] ERROR: Failed to process armor item 47197 after 4 attempts
---
[2025-10-30T06:14:15.038Z] ERROR: Failed to process armor item 47233 after 4 attempts
---
[2025-10-30T06:14:53.940Z] ERROR: Failed to process armor item 47275 after 4 attempts
---
[2025-10-30T06:15:32.797Z] ERROR: Failed to process armor item 47395 after 4 attempts
---
[2025-10-30T06:19:20.922Z] ERROR: Failed to process armor item 47407 after 4 attempts
---
[2025-10-30T06:19:59.124Z] ERROR: Failed to process armor item 55077 after 4 attempts
---
[2025-10-30T07:35:30.633Z] ERROR: Failed to process armor item 58096 after 4 attempts
---
[2025-10-30T08:02:59.802Z] ERROR: Failed to process armor item 20358 after 4 attempts
---
[2025-10-30T08:45:26.809Z] ERROR: Failed to process armor item 2543 after 4 attempts
---
[2025-10-30T08:45:28.814Z] ERROR: Failed to process armor item 4614 after 4 attempts
---
[2025-10-30T08:46:12.252Z] ERROR: Failed to process armor item 4743 after 4 attempts
---
[2025-10-30T08:46:14.255Z] ERROR: Failed to process armor item 5029 after 4 attempts
---
[2025-10-30T08:46:16.258Z] ERROR: Failed to process armor item 5754 after 4 attempts
---
[2025-10-30T08:46:18.262Z] ERROR: Failed to process armor item 7467 after 4 attempts
---
[2025-10-30T08:46:27.131Z] ERROR: Failed to process armor item 7550 after 4 attempts
---
[2025-10-30T08:46:29.134Z] ERROR: Failed to process armor item 9243 after 4 attempts
---
[2025-10-30T08:46:31.139Z] ERROR: Failed to process armor item 9338 after 4 attempts
---
[2025-10-30T08:46:33.142Z] ERROR: Failed to process armor item 12020 after 4 attempts
---
[2025-10-30T08:46:35.145Z] ERROR: Failed to process armor item 12023 after 4 attempts
---
[2025-10-30T09:01:48.208Z] ERROR: Failed to process armor item 12024 after 4 attempts
---
[2025-10-30T09:01:50.213Z] ERROR: Failed to process armor item 12025 after 4 attempts
---
[2025-10-30T09:01:52.216Z] ERROR: Failed to process armor item 12026 after 4 attempts
---
[2025-10-30T09:17:00.848Z] ERROR: Failed to process armor item 12027 after 4 attempts
---
[2025-10-30T09:17:02.849Z] ERROR: Failed to process armor item 12039 after 4 attempts
---
[2025-10-30T09:17:04.850Z] ERROR: Failed to process armor item 12045 after 4 attempts
---
[2025-10-30T09:25:22.745Z] ERROR: Failed to process armor item 12047 after 4 attempts
---
[2025-10-30T09:25:24.748Z] ERROR: Failed to process armor item 12048 after 4 attempts
---
[2025-10-30T09:25:26.751Z] ERROR: Failed to process armor item 16009 after 4 attempts
---
[2025-10-30T09:25:28.754Z] ERROR: Failed to process armor item 17772 after 4 attempts
---
[2025-10-30T09:28:03.075Z] ERROR: Failed to process armor item 17773 after 4 attempts
---
[2025-10-30T09:28:05.078Z] ERROR: Failed to process armor item 19574 after 4 attempts
---
[2025-10-30T09:28:07.081Z] ERROR: Failed to process armor item 19591 after 4 attempts
---
[2025-10-30T09:28:09.085Z] ERROR: Failed to process armor item 19606 after 4 attempts
---
[2025-10-30T09:28:11.087Z] ERROR: Failed to process armor item 19614 after 4 attempts
---
[2025-10-30T09:28:13.091Z] ERROR: Failed to process armor item 20649 after 4 attempts
---
[2025-10-30T09:44:03.621Z] ERROR: Failed to process armor item 41312 after 4 attempts
---
[2025-10-30T09:44:05.624Z] ERROR: Failed to process armor item 41330 after 4 attempts
---
[2025-10-30T09:44:07.632Z] ERROR: Failed to process armor item 41340 after 4 attempts
---
[2025-10-30T10:01:46.239Z] ERROR: Failed to process armor item 41427 after 4 attempts
---
[2025-10-30T10:01:48.244Z] ERROR: Failed to process armor item 41980 after 4 attempts
---
[2025-10-30T10:01:50.249Z] ERROR: Failed to process armor item 50440 after 4 attempts
---
[2025-10-30T10:17:03.854Z] ERROR: Failed to process armor item 55193 after 4 attempts
---
[2025-10-30T10:17:05.858Z] ERROR: Failed to process armor item 55197 after 4 attempts
---
[2025-10-30T10:17:07.862Z] ERROR: Failed to process armor item 55199 after 4 attempts
---
[2025-10-30T10:32:13.602Z] ERROR: Failed to process armor item 55200 after 4 attempts
---
[2025-10-30T10:32:15.606Z] ERROR: Failed to process armor item 56038 after 4 attempts
---
[2025-10-30T10:32:17.610Z] ERROR: Failed to process armor item 56090 after 4 attempts
---
[2025-10-30T10:44:14.600Z] ERROR: Failed to process armor item 58022 after 4 attempts
---
[2025-10-30T10:44:16.603Z] ERROR: Failed to process armor item 58038 after 4 attempts
---
[2025-10-30T10:44:18.606Z] ERROR: Failed to process armor item 58055 after 4 attempts
---
[2025-10-30T10:44:20.611Z] ERROR: Failed to process armor item 60132 after 4 attempts
---
[2025-10-30T10:44:22.614Z] ERROR: Failed to process armor item 60759 after 4 attempts
---
[2025-10-30T10:44:24.618Z] ERROR: Failed to process armor item 61092 after 4 attempts
---
[2025-10-30T10:46:23.676Z] ERROR: Failed to process armor item 61155 after 4 attempts
---
[2025-10-30T10:46:25.680Z] ERROR: Failed to process armor item 61302 after 4 attempts
---
[2025-10-30T10:46:27.684Z] ERROR: Failed to process armor item 61507 after 4 attempts
---
[2025-10-30T10:46:29.687Z] ERROR: Failed to process armor item 61582 after 4 attempts
---
[2025-10-30T10:46:32.095Z] ERROR: Failed to process armor item 61687 after 4 attempts
---
[2025-10-30T11:01:34.629Z] ERROR: Failed to process armor item 9333 after 4 attempts
---
[2025-10-30T11:01:36.657Z] ERROR: Failed to process armor item 55004 after 4 attempts
---
[2025-10-30T11:01:38.699Z] ERROR: Failed to process armor item 942 after 4 attempts
---
[2025-10-30T11:13:02.007Z] ERROR: Failed to process armor item 17063 after 4 attempts
---
[2025-10-30T11:13:04.053Z] ERROR: Failed to process armor item 18403 after 4 attempts
---
[2025-10-30T11:13:06.105Z] ERROR: Failed to process armor item 18879 after 4 attempts
---
[2025-10-30T11:18:32.791Z] ERROR: Failed to process armor item 21408 after 4 attempts
---
[2025-10-30T11:18:34.796Z] ERROR: Failed to process armor item 21414 after 4 attempts
---
[2025-10-30T11:18:36.799Z] ERROR: Failed to process armor item 21526 after 4 attempts
---
[2025-10-30T11:18:38.804Z] ERROR: Failed to process armor item 21563 after 4 attempts
---
[2025-10-30T11:36:09.064Z] ERROR: Failed to process armor item 21695 after 4 attempts
---
[2025-10-30T11:36:11.068Z] ERROR: Failed to process armor item 22721 after 4 attempts
---
[2025-10-30T11:36:13.070Z] ERROR: Failed to process armor item 22939 after 4 attempts
---
[2025-10-30T11:48:51.591Z] ERROR: Failed to process armor item 22961 after 4 attempts
---
[2025-10-30T11:48:53.593Z] ERROR: Failed to process armor item 23028 after 4 attempts
---
[2025-10-30T11:48:55.596Z] ERROR: Failed to process armor item 23031 after 4 attempts
---
[2025-10-30T11:48:57.599Z] ERROR: Failed to process armor item 23038 after 4 attempts
---
[2025-10-30T11:48:59.602Z] ERROR: Failed to process armor item 23060 after 4 attempts
---
[2025-10-30T11:49:01.606Z] ERROR: Failed to process armor item 23062 after 4 attempts
---
[2025-10-30T11:49:03.609Z] ERROR: Failed to process armor item 47059 after 4 attempts
---
[2025-10-30T11:49:05.612Z] ERROR: Failed to process armor item 47107 after 4 attempts
---
[2025-10-30T11:49:07.615Z] ERROR: Failed to process armor item 47179 after 4 attempts
---
[2025-10-30T11:49:09.617Z] ERROR: Failed to process armor item 47389 after 4 attempts
---
[2025-10-30T11:49:11.620Z] ERROR: Failed to process armor item 55091 after 4 attempts
---
[2025-10-30T11:49:13.622Z] ERROR: Failed to process armor item 55123 after 4 attempts
---
[2025-10-30T11:49:15.625Z] ERROR: Failed to process armor item 55227 after 4 attempts
---
[2025-10-30T11:49:17.628Z] ERROR: Failed to process armor item 55230 after 4 attempts
---
[2025-10-30T11:49:19.632Z] ERROR: Failed to process armor item 55234 after 4 attempts
---
[2025-10-30T11:49:21.634Z] ERROR: Failed to process armor item 55237 after 4 attempts
---
[2025-10-30T11:49:23.636Z] ERROR: Failed to process armor item 55359 after 4 attempts
---
[2025-10-30T11:49:25.639Z] ERROR: Failed to process armor item 55503 after 4 attempts
---
[2025-10-30T11:49:27.642Z] ERROR: Failed to process armor item 55508 after 4 attempts
---
[2025-10-30T11:49:29.645Z] ERROR: Failed to process armor item 55516 after 4 attempts
---
[2025-10-30T11:49:31.649Z] ERROR: Failed to process armor item 55517 after 4 attempts
---
[2025-10-30T11:49:33.652Z] ERROR: Failed to process armor item 56031 after 4 attempts
---
[2025-10-30T11:49:35.654Z] ERROR: Failed to process armor item 56062 after 4 attempts
---
[2025-10-30T11:49:37.658Z] ERROR: Failed to process armor item 56094 after 4 attempts
---
[2025-10-30T11:49:39.661Z] ERROR: Failed to process armor item 56095 after 4 attempts
---
[2025-10-30T11:49:41.665Z] ERROR: Failed to process armor item 60004 after 4 attempts
---
[2025-10-30T11:49:43.669Z] ERROR: Failed to process armor item 70648 after 4 attempts
---
[2025-10-30T11:49:45.672Z] ERROR: Failed to process armor item 83237 after 4 attempts
---
[2025-10-30T11:49:47.676Z] ERROR: Failed to process armor item 84036 after 4 attempts
---
[2025-10-30T11:49:49.681Z] ERROR: Failed to process armor item 1447 after 4 attempts
---
[2025-10-30T11:49:51.685Z] ERROR: Failed to process armor item 2246 after 4 attempts
---
[2025-10-30T11:49:53.690Z] ERROR: Failed to process armor item 13143 after 4 attempts
---
[2025-10-30T11:49:55.694Z] ERROR: Failed to process armor item 17108 after 4 attempts
---
[2025-10-30T11:49:57.697Z] ERROR: Failed to process armor item 18543 after 4 attempts
---
[2025-10-30T11:49:59.700Z] ERROR: Failed to process armor item 18813 after 4 attempts
---
[2025-10-30T11:50:01.704Z] ERROR: Failed to process armor item 18821 after 4 attempts
---
[2025-10-30T11:50:03.707Z] ERROR: Failed to process armor item 19147 after 4 attempts
---
[2025-10-30T11:50:05.710Z] ERROR: Failed to process armor item 19382 after 4 attempts
---
[2025-10-30T11:50:07.714Z] ERROR: Failed to process armor item 19384 after 4 attempts
---
[2025-10-30T11:50:09.719Z] ERROR: Failed to process armor item 19397 after 4 attempts
---
[2025-10-30T11:50:11.723Z] ERROR: Failed to process armor item 20632 after 4 attempts
---
[2025-10-30T11:50:13.727Z] ERROR: Failed to process armor item 21189 after 4 attempts
---
[2025-10-30T11:50:15.730Z] ERROR: Failed to process armor item 21396 after 4 attempts
---
[2025-10-30T11:50:17.734Z] ERROR: Failed to process armor item 21399 after 4 attempts
---
[2025-10-30T11:50:19.738Z] ERROR: Failed to process armor item 21411 after 4 attempts
---
[2025-10-30T11:50:21.741Z] ERROR: Failed to process armor item 21417 after 4 attempts
---
[2025-10-30T11:50:23.745Z] ERROR: Failed to process armor item 21596 after 4 attempts
---
[2025-10-30T11:50:25.749Z] ERROR: Failed to process armor item 21601 after 4 attempts
---
[2025-10-30T11:50:27.752Z] ERROR: Failed to process armor item 21620 after 4 attempts
---
[2025-10-30T11:50:29.755Z] ERROR: Failed to process armor item 21677 after 4 attempts
---
[2025-10-30T11:50:31.758Z] ERROR: Failed to process armor item 21681 after 4 attempts
---
[2025-10-30T11:50:33.760Z] ERROR: Failed to process armor item 21707 after 4 attempts
---
[2025-10-30T11:50:35.763Z] ERROR: Failed to process armor item 21709 after 4 attempts
---
[2025-10-30T11:50:37.766Z] ERROR: Failed to process armor item 22707 after 4 attempts
---
[2025-10-30T11:50:39.769Z] ERROR: Failed to process armor item 23037 after 4 attempts
---
[2025-10-30T11:50:41.772Z] ERROR: Failed to process armor item 23059 after 4 attempts
---
[2025-10-30T11:50:43.776Z] ERROR: Failed to process armor item 23061 after 4 attempts
---
[2025-10-30T11:50:45.780Z] ERROR: Failed to process armor item 23063 after 4 attempts
---
[2025-10-30T11:50:47.784Z] ERROR: Failed to process armor item 23064 after 4 attempts
---
[2025-10-30T11:50:49.788Z] ERROR: Failed to process armor item 23065 after 4 attempts
---
[2025-10-30T11:50:51.792Z] ERROR: Failed to process armor item 23066 after 4 attempts
---
[2025-10-30T11:50:53.796Z] ERROR: Failed to process armor item 23067 after 4 attempts
---
[2025-10-30T11:50:55.799Z] ERROR: Failed to process armor item 23237 after 4 attempts
---
[2025-10-30T11:50:57.801Z] ERROR: Failed to process armor item 47227 after 4 attempts
---
[2025-10-30T11:50:59.805Z] ERROR: Failed to process armor item 47269 after 4 attempts
---
[2025-10-30T11:51:01.808Z] ERROR: Failed to process armor item 47305 after 4 attempts
---
[2025-10-30T11:51:03.811Z] ERROR: Failed to process armor item 51782 after 4 attempts
---
[2025-10-30T11:51:05.814Z] ERROR: Failed to process armor item 55094 after 4 attempts
---
[2025-10-30T11:51:07.817Z] ERROR: Failed to process armor item 55286 after 4 attempts
---
[2025-10-30T11:51:09.820Z] ERROR: Failed to process armor item 55353 after 4 attempts
---
[2025-10-30T11:51:11.824Z] ERROR: Failed to process armor item 55360 after 4 attempts
---
[2025-10-30T11:51:13.826Z] ERROR: Failed to process armor item 58222 after 4 attempts
---
[2025-10-30T11:51:15.831Z] ERROR: Failed to process armor item 60006 after 4 attempts
---
[2025-10-30T11:51:17.835Z] ERROR: Failed to process armor item 60725 after 4 attempts
---
[2025-10-30T11:51:19.840Z] ERROR: Failed to process armor item 61195 after 4 attempts
---
[2025-10-30T11:51:21.844Z] ERROR: Failed to process armor item 61205 after 4 attempts
---
[2025-10-30T11:53:27.696Z] ERROR: Failed to process armor item 21198 after 4 attempts
---
[2025-10-30T11:53:29.701Z] ERROR: Failed to process armor item 21199 after 4 attempts
---
[2025-10-30T11:53:31.705Z] ERROR: Failed to process armor item 21200 after 4 attempts
---
[2025-10-30T11:53:33.711Z] ERROR: Failed to process armor item 21201 after 4 attempts
---
[2025-10-30T12:01:31.913Z] ERROR: Failed to process armor item 21202 after 4 attempts
---
[2025-10-30T12:01:33.919Z] ERROR: Failed to process armor item 21203 after 4 attempts
---
[2025-10-30T12:01:35.926Z] ERROR: Failed to process armor item 21204 after 4 attempts
---
[2025-10-30T12:01:37.933Z] ERROR: Failed to process armor item 21205 after 4 attempts
---
[2025-10-30T12:01:39.939Z] ERROR: Failed to process armor item 21206 after 4 attempts
---
[2025-10-30T12:01:41.946Z] ERROR: Failed to process armor item 21207 after 4 attempts
---
[2025-10-30T12:01:43.951Z] ERROR: Failed to process armor item 21208 after 4 attempts
---
[2025-10-30T12:01:45.957Z] ERROR: Failed to process armor item 21209 after 4 attempts
---
[2025-10-30T12:01:47.962Z] ERROR: Failed to process armor item 21210 after 4 attempts
---
[2025-10-30T12:01:49.967Z] ERROR: Failed to process armor item 21393 after 4 attempts
---
[2025-10-30T12:01:51.971Z] ERROR: Failed to process armor item 21402 after 4 attempts
---
[2025-10-30T12:01:53.975Z] ERROR: Failed to process armor item 21687 after 4 attempts
---
[2025-10-30T12:01:55.978Z] ERROR: Failed to process armor item 21836 after 4 attempts
---
[2025-10-30T12:01:57.982Z] ERROR: Failed to process armor item 22326 after 4 attempts
---
[2025-10-30T12:01:59.986Z] ERROR: Failed to process armor item 22722 after 4 attempts
---
[2025-10-30T12:02:01.989Z] ERROR: Failed to process armor item 23018 after 4 attempts
---
[2025-10-30T12:02:03.992Z] ERROR: Failed to process armor item 23025 after 4 attempts
---
[2025-10-30T12:02:05.996Z] ERROR: Failed to process armor item 47050 after 4 attempts
---
[2025-10-30T12:02:08.000Z] ERROR: Failed to process armor item 47170 after 4 attempts
---
[2025-10-30T12:02:10.004Z] ERROR: Failed to process armor item 47380 after 4 attempts
---
[2025-10-30T12:02:12.008Z] ERROR: Failed to process armor item 55103 after 4 attempts
---
[2025-10-30T12:02:14.011Z] ERROR: Failed to process armor item 55223 after 4 attempts
---
[2025-10-30T12:02:16.014Z] ERROR: Failed to process armor item 56032 after 4 attempts
---
[2025-10-30T12:02:18.018Z] ERROR: Failed to process armor item 56059 after 4 attempts
---
[2025-10-30T12:02:20.022Z] ERROR: Failed to process armor item 58088 after 4 attempts
---
[2025-10-30T12:02:22.026Z] ERROR: Failed to process armor item 58209 after 4 attempts
---
[2025-10-30T12:02:24.030Z] ERROR: Failed to process armor item 60005 after 4 attempts
---
[2025-10-30T12:02:26.033Z] ERROR: Failed to process armor item 60389 after 4 attempts
---
[2025-10-30T12:02:28.036Z] ERROR: Failed to process armor item 61262 after 4 attempts
---
[2025-10-30T12:02:30.039Z] ERROR: Failed to process armor item 81379 after 4 attempts
---
[2025-10-30T12:02:32.042Z] ERROR: Failed to process armor item 83239 after 4 attempts
---
[2025-10-30T12:02:34.045Z] ERROR: Failed to process armor item 83240 after 4 attempts
---
[2025-10-30T12:02:36.050Z] ERROR: Failed to process armor item 84003 after 4 attempts
---
[2025-10-30T12:02:38.053Z] ERROR: Failed to process armor item 84506 after 4 attempts
---
[2025-10-30T12:02:40.057Z] ERROR: Failed to process armor item 6332 after 4 attempts
---
[2025-10-30T12:02:42.060Z] ERROR: Failed to process armor item 6440 after 4 attempts
---
[2025-10-30T12:02:44.065Z] ERROR: Failed to process armor item 9461 after 4 attempts
---
[2025-10-30T12:02:46.069Z] ERROR: Failed to process armor item 11118 after 4 attempts
---
[2025-10-30T12:02:48.072Z] ERROR: Failed to process armor item 11824 after 4 attempts
---
[2025-10-30T12:02:50.077Z] ERROR: Failed to process armor item 12996 after 4 attempts
---
[2025-10-30T12:02:52.080Z] ERROR: Failed to process armor item 13093 after 4 attempts
---
[2025-10-30T12:02:54.084Z] ERROR: Failed to process armor item 13095 after 4 attempts
---
[2025-10-30T12:02:56.089Z] ERROR: Failed to process armor item 13096 after 4 attempts
---
[2025-10-30T12:02:58.092Z] ERROR: Failed to process armor item 13373 after 4 attempts
---
[2025-10-30T12:03:00.097Z] ERROR: Failed to process armor item 17045 after 4 attempts
---
[2025-10-30T12:03:02.099Z] ERROR: Failed to process armor item 17713 after 4 attempts
---
[2025-10-30T12:03:04.103Z] ERROR: Failed to process armor item 18103 after 4 attempts
---
[2025-10-30T12:03:06.108Z] ERROR: Failed to process armor item 18522 after 4 attempts
---
[2025-10-30T12:03:08.111Z] ERROR: Failed to process armor item 18585 after 4 attempts
---
[2025-10-30T12:03:10.114Z] ERROR: Failed to process armor item 19925 after 4 attempts
---
[2025-10-30T12:03:12.117Z] ERROR: Failed to process armor item 20006 after 4 attempts
---
[2025-10-30T12:03:14.121Z] ERROR: Failed to process armor item 20505 after 4 attempts
---
[2025-10-30T12:03:16.126Z] ERROR: Failed to process armor item 20721 after 4 attempts
---
[2025-10-30T12:03:18.130Z] ERROR: Failed to process armor item 21179 after 4 attempts
---
[2025-10-30T12:03:20.134Z] ERROR: Failed to process armor item 21182 after 4 attempts
---
[2025-10-30T12:03:22.139Z] ERROR: Failed to process armor item 22257 after 4 attempts
---
[2025-10-30T12:03:24.143Z] ERROR: Failed to process armor item 22331 after 4 attempts
---
[2025-10-30T12:03:26.147Z] ERROR: Failed to process armor item 22334 after 4 attempts
---
[2025-10-30T12:03:28.151Z] ERROR: Failed to process armor item 22680 after 4 attempts
---
[2025-10-30T12:03:30.156Z] ERROR: Failed to process armor item 22681 after 4 attempts
---
[2025-10-30T12:03:32.159Z] ERROR: Failed to process armor item 22725 after 4 attempts
---
[2025-10-30T12:03:34.163Z] ERROR: Failed to process armor item 50192 after 4 attempts
---
[2025-10-30T12:03:36.167Z] ERROR: Failed to process armor item 55372 after 4 attempts
---
[2025-10-30T12:03:38.171Z] ERROR: Failed to process armor item 58149 after 4 attempts
---
[2025-10-30T12:03:40.174Z] ERROR: Failed to process armor item 58227 after 4 attempts
---
[2025-10-30T12:03:42.178Z] ERROR: Failed to process armor item 58256 after 4 attempts
---
[2025-10-30T12:03:44.181Z] ERROR: Failed to process armor item 60367 after 4 attempts
---
[2025-10-30T12:03:46.184Z] ERROR: Failed to process armor item 60459 after 4 attempts
---
[2025-10-30T12:03:48.187Z] ERROR: Failed to process armor item 60465 after 4 attempts
---
[2025-10-30T12:03:50.190Z] ERROR: Failed to process armor item 60531 after 4 attempts
---
[2025-10-30T12:03:52.192Z] ERROR: Failed to process armor item 60547 after 4 attempts
---
[2025-10-30T12:03:54.196Z] ERROR: Failed to process armor item 60903 after 4 attempts
---
[2025-10-30T12:03:56.200Z] ERROR: Failed to process armor item 60915 after 4 attempts
---
[2025-10-30T12:03:58.203Z] ERROR: Failed to process armor item 61032 after 4 attempts
---
[2025-10-30T12:04:00.207Z] ERROR: Failed to process armor item 61034 after 4 attempts
---
[2025-10-30T12:04:02.210Z] ERROR: Failed to process armor item 61051 after 4 attempts
---
[2025-10-30T12:04:04.214Z] ERROR: Failed to process armor item 61315 after 4 attempts
---
[2025-10-30T12:04:06.217Z] ERROR: Failed to process armor item 61354 after 4 attempts
---
[2025-10-30T12:04:08.220Z] ERROR: Failed to process armor item 61554 after 4 attempts
---
[2025-10-30T12:04:10.222Z] ERROR: Failed to process armor item 61588 after 4 attempts
---
[2025-10-30T12:04:12.227Z] ERROR: Failed to process armor item 81367 after 4 attempts
---
[2025-10-30T12:13:15.754Z] ERROR: Failed to process armor item 15855 after 4 attempts
---
[2025-10-30T12:13:17.758Z] ERROR: Failed to process armor item 17982 after 4 attempts
---
[2025-10-30T12:14:23.007Z] ERROR: Failed to process armor item 18314 after 4 attempts
---
[2025-10-30T12:14:25.015Z] ERROR: Failed to process armor item 18315 after 4 attempts
---
[2025-10-30T12:14:27.018Z] ERROR: Failed to process armor item 18399 after 4 attempts
---
[2025-10-30T12:14:29.021Z] ERROR: Failed to process armor item 18760 after 4 attempts
---
[2025-10-30T12:14:31.025Z] ERROR: Failed to process armor item 19514 after 4 attempts
---
[2025-10-30T12:14:33.029Z] ERROR: Failed to process armor item 19515 after 4 attempts
---
[2025-10-30T12:14:35.033Z] ERROR: Failed to process armor item 19516 after 4 attempts
---
[2025-10-30T12:14:37.036Z] ERROR: Failed to process armor item 19517 after 4 attempts
---
[2025-10-30T12:14:39.039Z] ERROR: Failed to process armor item 19523 after 4 attempts
---
[2025-10-30T12:14:41.042Z] ERROR: Failed to process armor item 19524 after 4 attempts
---
[2025-10-30T12:14:43.046Z] ERROR: Failed to process armor item 19525 after 4 attempts
---
[2025-10-30T12:14:45.049Z] ERROR: Failed to process armor item 19863 after 4 attempts
---
[2025-10-30T12:14:47.053Z] ERROR: Failed to process armor item 19873 after 4 attempts
---
[2025-10-30T12:14:49.057Z] ERROR: Failed to process armor item 19912 after 4 attempts
---
[2025-10-30T12:14:51.060Z] ERROR: Failed to process armor item 19920 after 4 attempts
---
[2025-10-30T12:14:53.062Z] ERROR: Failed to process armor item 20431 after 4 attempts
---
[2025-10-30T12:14:55.065Z] ERROR: Failed to process armor item 20439 after 4 attempts
---
[2025-10-30T12:14:57.069Z] ERROR: Failed to process armor item 21477 after 4 attempts
---
[2025-10-30T12:14:59.072Z] ERROR: Failed to process armor item 22255 after 4 attempts
---
[2025-10-30T12:15:01.076Z] ERROR: Failed to process armor item 41062 after 4 attempts
---
[2025-10-30T12:15:03.078Z] ERROR: Failed to process armor item 50189 after 4 attempts
---
[2025-10-30T12:15:05.082Z] ERROR: Failed to process armor item 51747 after 4 attempts
---
[2025-10-30T12:15:07.085Z] ERROR: Failed to process armor item 55216 after 4 attempts
---
[2025-10-30T12:15:09.088Z] ERROR: Failed to process armor item 55226 after 4 attempts
---
[2025-10-30T12:15:11.091Z] ERROR: Failed to process armor item 55233 after 4 attempts
---
[2025-10-30T12:15:13.094Z] ERROR: Failed to process armor item 55236 after 4 attempts
---
[2025-10-30T12:15:15.098Z] ERROR: Failed to process armor item 55323 after 4 attempts
---
[2025-10-30T12:15:17.102Z] ERROR: Failed to process armor item 55479 after 4 attempts
---
[2025-10-30T12:15:19.105Z] ERROR: Failed to process armor item 56065 after 4 attempts
---
[2025-10-30T12:15:21.112Z] ERROR: Failed to process armor item 58291 after 4 attempts
---
[2025-10-30T12:15:23.115Z] ERROR: Failed to process armor item 60334 after 4 attempts
---
[2025-10-30T12:15:25.119Z] ERROR: Failed to process armor item 60917 after 4 attempts
---
[2025-10-30T12:17:35.960Z] ERROR: Failed to process armor item 13345 after 4 attempts
---
[2025-10-30T12:17:37.965Z] ERROR: Failed to process armor item 13392 after 4 attempts
---
[2025-10-30T12:17:39.969Z] ERROR: Failed to process armor item 16999 after 4 attempts
---
[2025-10-30T12:17:41.974Z] ERROR: Failed to process armor item 18022 after 4 attempts
---
[2025-10-30T12:17:57.468Z] ERROR: Failed to process armor item 18398 after 4 attempts
---
[2025-10-30T12:17:59.471Z] ERROR: Failed to process armor item 18500 after 4 attempts
---
[2025-10-30T12:18:01.475Z] ERROR: Failed to process armor item 19898 after 4 attempts
---
[2025-10-30T12:18:03.478Z] ERROR: Failed to process armor item 21483 after 4 attempts
---
[2025-10-30T12:18:05.481Z] ERROR: Failed to process armor item 22339 after 4 attempts
---
[2025-10-30T12:18:07.484Z] ERROR: Failed to process armor item 41329 after 4 attempts
---
[2025-10-30T12:18:09.487Z] ERROR: Failed to process armor item 51805 after 4 attempts
---
[2025-10-30T12:18:11.489Z] ERROR: Failed to process armor item 55259 after 4 attempts
---
[2025-10-30T12:18:13.493Z] ERROR: Failed to process armor item 55263 after 4 attempts
---
[2025-10-30T12:18:15.497Z] ERROR: Failed to process armor item 55385 after 4 attempts
---
[2025-10-30T12:18:17.500Z] ERROR: Failed to process armor item 55388 after 4 attempts
---
[2025-10-30T12:18:19.504Z] ERROR: Failed to process armor item 56093 after 4 attempts
---
[2025-10-30T12:18:21.508Z] ERROR: Failed to process armor item 58153 after 4 attempts
---
[2025-10-30T12:18:23.512Z] ERROR: Failed to process armor item 58195 after 4 attempts
---
[2025-10-30T12:18:25.517Z] ERROR: Failed to process armor item 58289 after 4 attempts
---
[2025-10-30T12:18:27.520Z] ERROR: Failed to process armor item 60415 after 4 attempts
---
[2025-10-30T12:18:29.524Z] ERROR: Failed to process armor item 60441 after 4 attempts
---
[2025-10-30T12:18:31.527Z] ERROR: Failed to process armor item 60499 after 4 attempts
---
[2025-10-30T12:18:33.530Z] ERROR: Failed to process armor item 60505 after 4 attempts
---
[2025-10-30T12:18:35.534Z] ERROR: Failed to process armor item 60530 after 4 attempts
---
[2025-10-30T12:18:37.537Z] ERROR: Failed to process armor item 60618 after 4 attempts
---
[2025-10-30T12:18:39.541Z] ERROR: Failed to process armor item 60622 after 4 attempts
---
[2025-10-30T12:18:41.544Z] ERROR: Failed to process armor item 60695 after 4 attempts
---
[2025-10-30T12:18:43.548Z] ERROR: Failed to process armor item 60739 after 4 attempts
---
[2025-10-30T12:18:45.551Z] ERROR: Failed to process armor item 60766 after 4 attempts
---
[2025-10-30T12:18:47.554Z] ERROR: Failed to process armor item 60793 after 4 attempts
---
[2025-10-30T12:18:49.557Z] ERROR: Failed to process armor item 60916 after 4 attempts
---
[2025-10-30T12:18:51.559Z] ERROR: Failed to process armor item 61004 after 4 attempts
---
[2025-10-30T12:18:53.562Z] ERROR: Failed to process armor item 61498 after 4 attempts
---
[2025-10-30T12:18:55.565Z] ERROR: Failed to process armor item 61545 after 4 attempts
---
[2025-10-30T12:18:57.568Z] ERROR: Failed to process armor item 80760 after 4 attempts
---
[2025-10-30T12:18:59.572Z] ERROR: Failed to process armor item 80780 after 4 attempts
---
[2025-10-30T12:19:01.575Z] ERROR: Failed to process armor item 81309 after 4 attempts
---
[2025-10-30T12:19:03.579Z] ERROR: Failed to process armor item 83264 after 4 attempts
---
[2025-10-30T12:19:05.582Z] ERROR: Failed to process armor item 3760 after 4 attempts
---
[2025-10-30T12:19:07.585Z] ERROR: Failed to process armor item 4135 after 4 attempts
---
[2025-10-30T12:19:09.589Z] ERROR: Failed to process armor item 4988 after 4 attempts
---
[2025-10-30T12:19:11.592Z] ERROR: Failed to process armor item 4998 after 4 attempts
---
[2025-10-30T12:19:13.595Z] ERROR: Failed to process armor item 4999 after 4 attempts
---
[2025-10-30T12:19:15.599Z] ERROR: Failed to process armor item 5007 after 4 attempts
---
[2025-10-30T12:19:17.603Z] ERROR: Failed to process armor item 5351 after 4 attempts
---
[2025-10-30T12:19:19.606Z] ERROR: Failed to process armor item 6199 after 4 attempts
---
[2025-10-30T12:19:21.610Z] ERROR: Failed to process armor item 6678 after 4 attempts
---
[2025-10-30T12:19:23.613Z] ERROR: Failed to process armor item 7553 after 4 attempts
---
[2025-10-30T12:19:25.617Z] ERROR: Failed to process armor item 9362 after 4 attempts
---
[2025-10-30T12:19:27.621Z] ERROR: Failed to process armor item 9642 after 4 attempts
---
[2025-10-30T12:19:29.625Z] ERROR: Failed to process armor item 11968 after 4 attempts
---
[2025-10-30T12:19:31.630Z] ERROR: Failed to process armor item 11971 after 4 attempts
---
[2025-10-30T12:19:33.634Z] ERROR: Failed to process armor item 11972 after 4 attempts
---
[2025-10-30T12:19:35.639Z] ERROR: Failed to process armor item 11974 after 4 attempts
---
[2025-10-30T12:19:37.644Z] ERROR: Failed to process armor item 11985 after 4 attempts
---
[2025-10-30T12:19:39.647Z] ERROR: Failed to process armor item 11996 after 4 attempts
---
[2025-10-30T12:19:41.652Z] ERROR: Failed to process armor item 12014 after 4 attempts
---
[2025-10-30T12:19:43.657Z] ERROR: Failed to process armor item 13217 after 4 attempts
---
[2025-10-30T12:19:45.660Z] ERROR: Failed to process armor item 17000 after 4 attempts
---
[2025-10-30T12:19:47.664Z] ERROR: Failed to process armor item 17694 after 4 attempts
---
[2025-10-30T12:19:49.667Z] ERROR: Failed to process armor item 18302 after 4 attempts
---
[2025-10-30T12:19:51.670Z] ERROR: Failed to process armor item 19893 after 4 attempts
---
[2025-10-30T12:19:53.674Z] ERROR: Failed to process armor item 19905 after 4 attempts
---
[2025-10-30T12:19:55.677Z] ERROR: Failed to process armor item 20250 after 4 attempts
---
[2025-10-30T12:19:57.680Z] ERROR: Failed to process armor item 20290 after 4 attempts
---
[2025-10-30T12:19:59.683Z] ERROR: Failed to process armor item 20307 after 4 attempts
---
[2025-10-30T12:20:01.687Z] ERROR: Failed to process armor item 20321 after 4 attempts
---
[2025-10-30T12:20:03.690Z] ERROR: Failed to process armor item 20346 after 4 attempts
---
[2025-10-30T12:20:05.693Z] ERROR: Failed to process armor item 20359 after 4 attempts
---
[2025-10-30T12:20:07.696Z] ERROR: Failed to process armor item 29980 after 4 attempts
---
[2025-10-30T12:20:09.699Z] ERROR: Failed to process armor item 41316 after 4 attempts
---
[2025-10-30T12:20:11.703Z] ERROR: Failed to process armor item 41348 after 4 attempts
---
[2025-10-30T12:20:13.706Z] ERROR: Failed to process armor item 41566 after 4 attempts
---
[2025-10-30T12:20:15.711Z] ERROR: Failed to process armor item 55158 after 4 attempts
---
[2025-10-30T12:20:17.715Z] ERROR: Failed to process armor item 55166 after 4 attempts
---
[2025-10-30T12:20:19.719Z] ERROR: Failed to process armor item 55167 after 4 attempts
---
[2025-10-30T12:20:21.723Z] ERROR: Failed to process armor item 55218 after 4 attempts
---
[2025-10-30T12:20:23.726Z] ERROR: Failed to process armor item 55221 after 4 attempts
---
[2025-10-30T12:20:25.729Z] ERROR: Failed to process armor item 55258 after 4 attempts
---
[2025-10-30T12:20:27.733Z] ERROR: Failed to process armor item 55322 after 4 attempts
---
[2025-10-30T12:20:29.736Z] ERROR: Failed to process armor item 58097 after 4 attempts
---
[2025-10-30T12:20:31.740Z] ERROR: Failed to process armor item 58250 after 4 attempts
---
[2025-10-30T12:20:33.744Z] ERROR: Failed to process armor item 58290 after 4 attempts
---
[2025-10-30T12:20:35.748Z] ERROR: Failed to process armor item 58300 after 4 attempts
---
[2025-10-30T12:20:37.752Z] ERROR: Failed to process armor item 59994 after 4 attempts
---
[2025-10-30T12:27:36.698Z] ERROR: Failed to process armor item 61705 after 4 attempts
---
[2025-10-30T12:27:38.703Z] ERROR: Failed to process armor item 80839 after 4 attempts
---
[2025-10-30T12:28:08.221Z] ERROR: Failed to process armor item 82954 after 4 attempts
---
[2025-10-30T12:28:10.224Z] ERROR: Failed to process armor item 83243 after 4 attempts
---
[2025-10-30T12:28:12.227Z] ERROR: Failed to process armor item 1449 after 4 attempts
---
[2025-10-30T12:28:14.230Z] ERROR: Failed to process armor item 4535 after 4 attempts
---
[2025-10-30T12:28:16.234Z] ERROR: Failed to process armor item 5001 after 4 attempts
---
[2025-10-30T12:28:18.238Z] ERROR: Failed to process armor item 5009 after 4 attempts
---
[2025-10-30T12:28:20.242Z] ERROR: Failed to process armor item 5010 after 4 attempts
---
[2025-10-30T12:28:22.245Z] ERROR: Failed to process armor item 6748 after 4 attempts
---
[2025-10-30T12:28:24.249Z] ERROR: Failed to process armor item 7497 after 4 attempts
---
[2025-10-30T12:28:26.252Z] ERROR: Failed to process armor item 10298 after 4 attempts
---
[2025-10-30T12:28:28.256Z] ERROR: Failed to process armor item 10780 after 4 attempts
---
[2025-10-30T12:28:30.259Z] ERROR: Failed to process armor item 11969 after 4 attempts
---
[2025-10-30T12:28:32.262Z] ERROR: Failed to process armor item 11973 after 4 attempts
---
[2025-10-30T12:28:34.266Z] ERROR: Failed to process armor item 11978 after 4 attempts
---
[2025-10-30T12:28:36.269Z] ERROR: Failed to process armor item 11981 after 4 attempts
---
[2025-10-30T12:28:38.272Z] ERROR: Failed to process armor item 11987 after 4 attempts
---
[2025-10-30T12:28:40.274Z] ERROR: Failed to process armor item 11995 after 4 attempts
---
[2025-10-30T12:28:42.278Z] ERROR: Failed to process armor item 11997 after 4 attempts
---
[2025-10-30T12:28:44.281Z] ERROR: Failed to process armor item 11998 after 4 attempts
---
[2025-10-30T12:28:46.285Z] ERROR: Failed to process armor item 11999 after 4 attempts
---
[2025-10-30T12:28:48.289Z] ERROR: Failed to process armor item 12002 after 4 attempts
---
[2025-10-30T12:28:50.293Z] ERROR: Failed to process armor item 12005 after 4 attempts
---
[2025-10-30T12:28:52.297Z] ERROR: Failed to process armor item 12006 after 4 attempts
---
[2025-10-30T12:28:54.301Z] ERROR: Failed to process armor item 12012 after 4 attempts
---
[2025-10-30T12:28:56.304Z] ERROR: Failed to process armor item 12016 after 4 attempts
---
[2025-10-30T12:28:58.308Z] ERROR: Failed to process armor item 12038 after 4 attempts
---
[2025-10-30T12:29:00.311Z] ERROR: Failed to process armor item 15467 after 4 attempts
---
[2025-10-30T12:29:02.315Z] ERROR: Failed to process armor item 17692 after 4 attempts
---
[2025-10-30T12:29:04.318Z] ERROR: Failed to process armor item 18464 after 4 attempts
---
[2025-10-30T12:29:06.321Z] ERROR: Failed to process armor item 18674 after 4 attempts
---
[2025-10-30T12:29:08.324Z] ERROR: Failed to process armor item 41342 after 4 attempts
---
[2025-10-30T12:29:10.329Z] ERROR: Failed to process armor item 41346 after 4 attempts
---
[2025-10-30T12:29:12.332Z] ERROR: Failed to process armor item 51760 after 4 attempts
---
[2025-10-30T12:29:14.335Z] ERROR: Failed to process armor item 51856 after 4 attempts
---
[2025-10-30T12:29:16.338Z] ERROR: Failed to process armor item 55141 after 4 attempts
---
[2025-10-30T12:29:18.341Z] ERROR: Failed to process armor item 55143 after 4 attempts
---
[2025-10-30T12:29:20.344Z] ERROR: Failed to process armor item 55160 after 4 attempts
---
[2025-10-30T12:29:22.347Z] ERROR: Failed to process armor item 55162 after 4 attempts
---
[2025-10-30T12:29:24.350Z] ERROR: Failed to process armor item 55164 after 4 attempts
---
[2025-10-30T12:29:26.353Z] ERROR: Failed to process armor item 55220 after 4 attempts
---
[2025-10-30T12:29:28.356Z] ERROR: Failed to process armor item 55232 after 4 attempts
---
[2025-10-30T12:29:30.360Z] ERROR: Failed to process armor item 55235 after 4 attempts
---
[2025-10-30T12:29:32.364Z] ERROR: Failed to process armor item 55264 after 4 attempts
---
[2025-10-30T12:29:34.366Z] ERROR: Failed to process armor item 55321 after 4 attempts
---
[2025-10-30T12:29:36.370Z] ERROR: Failed to process armor item 55325 after 4 attempts
---
[2025-10-30T12:29:38.373Z] ERROR: Failed to process armor item 58023 after 4 attempts
---
[2025-10-30T12:29:40.377Z] ERROR: Failed to process armor item 58062 after 4 attempts
---
[2025-10-30T12:29:42.381Z] ERROR: Failed to process armor item 58068 after 4 attempts
---
[2025-10-30T12:29:44.385Z] ERROR: Failed to process armor item 60187 after 4 attempts
---
[2025-10-30T13:23:03.129Z] ERROR: Failed to process armor item 22658 after 4 attempts
---
[2025-10-30T13:23:05.133Z] ERROR: Failed to process armor item 22731 after 4 attempts
---
[2025-10-30T13:23:07.137Z] ERROR: Failed to process armor item 22938 after 4 attempts
---
[2025-10-30T13:23:09.140Z] ERROR: Failed to process armor item 22960 after 4 attempts
---
[2025-10-30T13:23:17.733Z] ERROR: Failed to process armor item 23030 after 4 attempts
---
[2025-10-30T13:23:19.736Z] ERROR: Failed to process armor item 23050 after 4 attempts
---
[2025-10-30T13:23:21.740Z] ERROR: Failed to process armor item 51730 after 4 attempts
---
[2025-10-30T13:23:23.743Z] ERROR: Failed to process armor item 51733 after 4 attempts
---
[2025-10-30T14:09:51.389Z] ERROR: Failed to process armor item 61492 after 4 attempts
---
[2025-10-30T14:09:53.394Z] ERROR: Failed to process armor item 61622 after 4 attempts
---
[2025-10-30T14:09:55.397Z] ERROR: Failed to process armor item 61736 after 4 attempts
---
[2025-10-30T14:09:57.402Z] ERROR: Failed to process armor item 1190 after 4 attempts
---
[2025-10-30T14:14:10.744Z] ERROR: Failed to process armor item 3449 after 4 attempts
---
[2025-10-30T14:14:12.745Z] ERROR: Failed to process armor item 4113 after 4 attempts
---
[2025-10-30T14:14:14.748Z] ERROR: Failed to process armor item 4326 after 4 attempts
---
[2025-10-30T14:14:16.750Z] ERROR: Failed to process armor item 4701 after 4 attempts
---
[2025-10-30T14:14:18.753Z] ERROR: Failed to process armor item 4706 after 4 attempts
---
[2025-10-30T14:14:20.757Z] ERROR: Failed to process armor item 4719 after 4 attempts
---
[2025-10-30T14:14:22.760Z] ERROR: Failed to process armor item 4722 after 4 attempts
---
[2025-10-30T14:14:24.763Z] ERROR: Failed to process armor item 4735 after 4 attempts
---
[2025-10-30T14:14:26.766Z] ERROR: Failed to process armor item 4790 after 4 attempts
---
[2025-10-30T14:14:28.769Z] ERROR: Failed to process armor item 5444 after 4 attempts
---
[2025-10-30T14:14:30.772Z] ERROR: Failed to process armor item 5542 after 4 attempts
---
[2025-10-30T14:14:32.776Z] ERROR: Failed to process armor item 6751 after 4 attempts
---
[2025-10-30T14:14:34.778Z] ERROR: Failed to process armor item 7411 after 4 attempts
---
[2025-10-30T14:14:36.780Z] ERROR: Failed to process armor item 7419 after 4 attempts
---
[2025-10-30T14:14:38.783Z] ERROR: Failed to process armor item 7460 after 4 attempts
---
[2025-10-30T14:14:40.786Z] ERROR: Failed to process armor item 8127 after 4 attempts
---
[2025-10-30T14:14:42.788Z] ERROR: Failed to process armor item 8195 after 4 attempts
---
[2025-10-30T14:14:44.791Z] ERROR: Failed to process armor item 9635 after 4 attempts
---
[2025-10-30T14:14:46.793Z] ERROR: Failed to process armor item 9794 after 4 attempts
---
[2025-10-30T14:14:48.795Z] ERROR: Failed to process armor item 9898 after 4 attempts
---
[2025-10-30T14:14:50.798Z] ERROR: Failed to process armor item 10079 after 4 attempts
---
[2025-10-30T14:14:52.801Z] ERROR: Failed to process armor item 10120 after 4 attempts
---
[2025-10-30T14:14:54.804Z] ERROR: Failed to process armor item 10148 after 4 attempts
---
[2025-10-30T14:14:56.807Z] ERROR: Failed to process armor item 10159 after 4 attempts
---
[2025-10-30T14:14:58.809Z] ERROR: Failed to process armor item 10174 after 4 attempts
---
[2025-10-30T14:15:00.813Z] ERROR: Failed to process armor item 10224 after 4 attempts
---
[2025-10-30T14:15:02.816Z] ERROR: Failed to process armor item 10249 after 4 attempts
---
[2025-10-30T14:15:04.820Z] ERROR: Failed to process armor item 10267 after 4 attempts
---
[2025-10-30T14:15:06.822Z] ERROR: Failed to process armor item 10518 after 4 attempts
---
[2025-10-30T14:15:08.825Z] ERROR: Failed to process armor item 10638 after 4 attempts
---
[2025-10-30T14:15:10.827Z] ERROR: Failed to process armor item 14161 after 4 attempts
---
[2025-10-30T14:15:12.829Z] ERROR: Failed to process armor item 14251 after 4 attempts
---
[2025-10-30T14:15:14.831Z] ERROR: Failed to process armor item 14280 after 4 attempts
---
[2025-10-30T14:15:16.834Z] ERROR: Failed to process armor item 14365 after 4 attempts
---
[2025-10-30T14:15:18.837Z] ERROR: Failed to process armor item 14665 after 4 attempts
---
[2025-10-30T14:15:20.840Z] ERROR: Failed to process armor item 14781 after 4 attempts
---
[2025-10-30T14:15:22.843Z] ERROR: Failed to process armor item 15153 after 4 attempts
---
[2025-10-30T14:15:24.846Z] ERROR: Failed to process armor item 15340 after 4 attempts
---
[2025-10-30T14:15:26.849Z] ERROR: Failed to process armor item 15392 after 4 attempts
---
[2025-10-30T14:15:28.852Z] ERROR: Failed to process armor item 15427 after 4 attempts
---
[2025-10-30T14:15:30.854Z] ERROR: Failed to process armor item 15501 after 4 attempts
---
[2025-10-30T14:15:32.857Z] ERROR: Failed to process armor item 15568 after 4 attempts
---
[2025-10-30T14:15:34.861Z] ERROR: Failed to process armor item 15643 after 4 attempts
---
[2025-10-30T14:15:36.864Z] ERROR: Failed to process armor item 15652 after 4 attempts
---
[2025-10-30T14:15:38.867Z] ERROR: Failed to process armor item 15671 after 4 attempts
---
[2025-10-30T14:15:40.871Z] ERROR: Failed to process armor item 41041 after 4 attempts
---
[2025-10-30T14:15:42.874Z] ERROR: Failed to process armor item 58024 after 4 attempts
---
[2025-10-30T14:15:44.877Z] ERROR: Failed to process armor item 70239 after 4 attempts
---
[2025-10-30T14:15:46.880Z] ERROR: Failed to process armor item 80835 after 4 attempts
---
[2025-10-30T14:15:48.883Z] ERROR: Failed to process armor item 2284 after 4 attempts
---
[2025-10-30T14:15:50.886Z] ERROR: Failed to process armor item 3561 after 4 attempts
---
[2025-10-30T14:15:52.890Z] ERROR: Failed to process armor item 4713 after 4 attempts
---
[2025-10-30T14:15:54.894Z] ERROR: Failed to process armor item 5111 after 4 attempts
---
[2025-10-30T14:15:56.899Z] ERROR: Failed to process armor item 5969 after 4 attempts
---
[2025-10-30T14:15:58.901Z] ERROR: Failed to process armor item 6179 after 4 attempts
---
[2025-10-30T14:16:00.904Z] ERROR: Failed to process armor item 6378 after 4 attempts
---
[2025-10-30T14:16:02.907Z] ERROR: Failed to process armor item 6564 after 4 attempts
---
[2025-10-30T14:16:04.911Z] ERROR: Failed to process armor item 6585 after 4 attempts
---
[2025-10-30T14:16:06.915Z] ERROR: Failed to process armor item 6614 after 4 attempts
---
[2025-10-30T14:16:08.918Z] ERROR: Failed to process armor item 7004 after 4 attempts
---
[2025-10-30T14:16:10.920Z] ERROR: Failed to process armor item 7446 after 4 attempts
---
[2025-10-30T14:16:12.922Z] ERROR: Failed to process armor item 7474 after 4 attempts
---
[2025-10-30T14:16:14.926Z] ERROR: Failed to process armor item 7483 after 4 attempts
---
[2025-10-30T14:16:16.929Z] ERROR: Failed to process armor item 8259 after 4 attempts
---
[2025-10-30T14:16:18.932Z] ERROR: Failed to process armor item 9605 after 4 attempts
---
[2025-10-30T14:16:20.935Z] ERROR: Failed to process armor item 9703 after 4 attempts
---
[2025-10-30T14:16:22.938Z] ERROR: Failed to process armor item 9786 after 4 attempts
---
[2025-10-30T14:16:24.942Z] ERROR: Failed to process armor item 9831 after 4 attempts
---
[2025-10-30T14:16:26.946Z] ERROR: Failed to process armor item 9867 after 4 attempts
---
[2025-10-30T14:16:28.948Z] ERROR: Failed to process armor item 9908 after 4 attempts
---
[2025-10-30T14:16:30.951Z] ERROR: Failed to process armor item 10071 after 4 attempts
---
[2025-10-30T14:16:32.954Z] ERROR: Failed to process armor item 12066 after 4 attempts
---
[2025-10-30T14:16:34.957Z] ERROR: Failed to process armor item 12110 after 4 attempts
---
[2025-10-30T14:16:36.960Z] ERROR: Failed to process armor item 13860 after 4 attempts
---
[2025-10-30T14:16:38.964Z] ERROR: Failed to process armor item 14123 after 4 attempts
---
[2025-10-30T14:16:40.966Z] ERROR: Failed to process armor item 14188 after 4 attempts
---
[2025-10-30T14:16:42.970Z] ERROR: Failed to process armor item 14321 after 4 attempts
---
[2025-10-30T14:16:44.974Z] ERROR: Failed to process armor item 14376 after 4 attempts
---
[2025-10-30T14:16:46.978Z] ERROR: Failed to process armor item 14400 after 4 attempts
---
[2025-10-30T14:16:48.981Z] ERROR: Failed to process armor item 14420 after 4 attempts
---
[2025-10-30T14:16:50.984Z] ERROR: Failed to process armor item 14563 after 4 attempts
---
[2025-10-30T14:16:52.989Z] ERROR: Failed to process armor item 14656 after 4 attempts
---
[2025-10-30T14:16:54.992Z] ERROR: Failed to process armor item 14673 after 4 attempts
---
[2025-10-30T14:16:56.996Z] ERROR: Failed to process armor item 14752 after 4 attempts
---
[2025-10-30T14:16:58.999Z] ERROR: Failed to process armor item 14771 after 4 attempts
---
[2025-10-30T14:17:01.001Z] ERROR: Failed to process armor item 14791 after 4 attempts
---
[2025-10-30T14:17:03.004Z] ERROR: Failed to process armor item 15114 after 4 attempts
---
[2025-10-30T14:17:05.008Z] ERROR: Failed to process armor item 15124 after 4 attempts
---
[2025-10-30T14:17:07.011Z] ERROR: Failed to process armor item 15173 after 4 attempts
---
[2025-10-30T15:17:33.843Z] ERROR: Failed to process armor item 1961 after 4 attempts
---
[2025-10-30T15:18:05.849Z] ERROR: Failed to process armor item 1984 after 4 attempts
---
[2025-10-30T15:18:37.855Z] ERROR: Failed to process armor item 1985 after 4 attempts
---
[2025-10-30T15:19:09.862Z] ERROR: Failed to process armor item 2053 after 4 attempts
---
[2025-10-30T15:19:41.869Z] ERROR: Failed to process armor item 2210 after 4 attempts
---
[2025-10-30T15:20:13.874Z] ERROR: Failed to process armor item 2211 after 4 attempts
---
[2025-10-30T15:20:45.881Z] ERROR: Failed to process armor item 2212 after 4 attempts
---
[2025-10-30T15:21:17.886Z] ERROR: Failed to process armor item 2220 after 4 attempts
---
[2025-10-30T15:21:49.891Z] ERROR: Failed to process armor item 2376 after 4 attempts
---
[2025-10-30T15:22:21.897Z] ERROR: Failed to process armor item 3648 after 4 attempts
---
[2025-10-30T15:22:53.906Z] ERROR: Failed to process armor item 3649 after 4 attempts
---
[2025-10-30T15:23:25.910Z] ERROR: Failed to process armor item 3987 after 4 attempts
---
[2025-10-30T15:23:57.916Z] ERROR: Failed to process armor item 3989 after 4 attempts
---
[2025-10-30T15:24:29.922Z] ERROR: Failed to process armor item 3990 after 4 attempts
---
[2025-10-30T15:25:01.927Z] ERROR: Failed to process armor item 4911 after 4 attempts
---
[2025-10-30T15:25:33.932Z] ERROR: Failed to process armor item 4967 after 4 attempts
---
[2025-10-30T15:26:05.939Z] ERROR: Failed to process armor item 5395 after 4 attempts
---
[2025-10-30T15:26:37.945Z] ERROR: Failed to process armor item 6203 after 4 attempts
---
[2025-10-30T15:27:09.950Z] ERROR: Failed to process armor item 6254 after 4 attempts
---
[2025-10-30T15:27:41.956Z] ERROR: Failed to process armor item 6447 after 4 attempts
---
[2025-10-30T15:28:13.961Z] ERROR: Failed to process armor item 9444 after 4 attempts
---
[2025-10-30T15:28:45.966Z] ERROR: Failed to process armor item 11041 after 4 attempts
---
[2025-10-30T15:29:17.973Z] ERROR: Failed to process armor item 11585 after 4 attempts
---
[2025-10-30T15:29:49.979Z] ERROR: Failed to process armor item 11586 after 4 attempts
---
[2025-10-30T15:30:21.985Z] ERROR: Failed to process armor item 11587 after 4 attempts
---
[2025-10-30T15:30:53.992Z] ERROR: Failed to process armor item 11589 after 4 attempts
---
[2025-10-30T15:31:25.998Z] ERROR: Failed to process armor item 12452 after 4 attempts
---
[2025-10-30T15:31:58.003Z] ERROR: Failed to process armor item 12453 after 4 attempts
---
[2025-10-30T15:32:30.010Z] ERROR: Failed to process armor item 12454 after 4 attempts
---
[2025-10-30T15:33:02.015Z] ERROR: Failed to process armor item 12456 after 4 attempts
---
[2025-10-30T15:33:34.022Z] ERROR: Failed to process armor item 12893 after 4 attempts
---
[2025-10-30T15:34:06.030Z] ERROR: Failed to process armor item 12931 after 4 attempts
---
[2025-10-30T15:34:38.040Z] ERROR: Failed to process armor item 12933 after 4 attempts
---
[2025-10-30T15:35:10.047Z] ERROR: Failed to process armor item 13318 after 4 attempts
---
[2025-10-30T15:35:42.053Z] ERROR: Failed to process armor item 13319 after 4 attempts
---
[2025-10-30T15:36:14.060Z] ERROR: Failed to process armor item 13628 after 4 attempts
---
[2025-10-30T15:36:46.066Z] ERROR: Failed to process armor item 13629 after 4 attempts
---
[2025-10-30T15:37:18.071Z] ERROR: Failed to process armor item 13630 after 4 attempts
---
[2025-10-30T15:37:50.079Z] ERROR: Failed to process armor item 13922 after 4 attempts
---
[2025-10-30T15:38:22.090Z] ERROR: Failed to process armor item 17482 after 4 attempts
---
[2025-10-30T15:38:34.548Z] ERROR: Failed to process armor item 18166 after 4 attempts
---
[2025-10-30T15:38:36.552Z] ERROR: Failed to process armor item 19763 after 4 attempts
---
[2025-10-30T15:38:38.557Z] ERROR: Failed to process armor item 21549 after 4 attempts
---
[2025-10-30T15:38:40.562Z] ERROR: Failed to process armor item 21572 after 4 attempts
---
[2025-10-30T15:49:16.099Z] ERROR: Failed to process armor item 25818 after 4 attempts
---
[2025-10-30T15:49:18.102Z] ERROR: Failed to process armor item 50378 after 4 attempts
---
[2025-10-30T15:49:20.104Z] ERROR: Failed to process armor item 61240 after 4 attempts
---
[2025-10-30T15:49:22.108Z] ERROR: Failed to process armor item 61241 after 4 attempts
---
[2025-10-30T15:49:24.110Z] ERROR: Failed to process armor item 143 after 4 attempts
---
[2025-10-30T15:49:26.113Z] ERROR: Failed to process armor item 876 after 4 attempts
---
[2025-10-30T15:49:28.117Z] ERROR: Failed to process armor item 1957 after 4 attempts
---
[2025-10-30T15:49:30.121Z] ERROR: Failed to process armor item 2051 after 4 attempts
---
[2025-10-30T15:49:32.125Z] ERROR: Failed to process armor item 2052 after 4 attempts
---
[2025-10-30T15:49:34.130Z] ERROR: Failed to process armor item 2213 after 4 attempts
---
[2025-10-30T15:49:36.135Z] ERROR: Failed to process armor item 2214 after 4 attempts
---
[2025-10-30T15:49:38.138Z] ERROR: Failed to process armor item 2215 after 4 attempts
---
[2025-10-30T15:49:40.140Z] ERROR: Failed to process armor item 2216 after 4 attempts
---
[2025-10-30T15:49:42.143Z] ERROR: Failed to process armor item 2217 after 4 attempts
---
[2025-10-30T15:49:44.146Z] ERROR: Failed to process armor item 2219 after 4 attempts
---
[2025-10-30T15:49:46.150Z] ERROR: Failed to process armor item 2221 after 4 attempts
---
[2025-10-30T15:49:48.153Z] ERROR: Failed to process armor item 2222 after 4 attempts
---
[2025-10-30T15:49:50.157Z] ERROR: Failed to process armor item 2362 after 4 attempts
---
[2025-10-30T15:49:52.162Z] ERROR: Failed to process armor item 3816 after 4 attempts
---
[2025-10-30T15:49:54.165Z] ERROR: Failed to process armor item 3817 after 4 attempts
---
[2025-10-30T15:49:56.170Z] ERROR: Failed to process armor item 3986 after 4 attempts
---
[2025-10-30T15:49:58.172Z] ERROR: Failed to process armor item 3988 after 4 attempts
---
[2025-10-30T15:50:00.174Z] ERROR: Failed to process armor item 3991 after 4 attempts
---
[2025-10-30T15:50:02.177Z] ERROR: Failed to process armor item 6434 after 4 attempts
---
[2025-10-30T15:50:04.180Z] ERROR: Failed to process armor item 12980 after 4 attempts
---
[2025-10-30T15:50:06.184Z] ERROR: Failed to process armor item 12981 after 4 attempts
---
[2025-10-30T15:50:08.187Z] ERROR: Failed to process armor item 12995 after 4 attempts
---
[2025-10-30T15:50:10.192Z] ERROR: Failed to process armor item 13814 after 4 attempts
---
[2025-10-30T15:50:12.195Z] ERROR: Failed to process armor item 23356 after 4 attempts
---
[2025-10-30T15:50:14.198Z] ERROR: Failed to process armor item 81095 after 4 attempts
---
[2025-10-30T15:50:16.201Z] ERROR: Failed to process armor item 3075 after 4 attempts
---
[2025-10-30T15:50:18.205Z] ERROR: Failed to process armor item 11808 after 4 attempts
---
[2025-10-30T15:50:20.208Z] ERROR: Failed to process armor item 12752 after 4 attempts
---
[2025-10-30T15:50:22.211Z] ERROR: Failed to process armor item 16441 after 4 attempts
---
[2025-10-30T15:50:24.215Z] ERROR: Failed to process armor item 16795 after 4 attempts
---
[2025-10-30T15:50:26.218Z] ERROR: Failed to process armor item 16808 after 4 attempts
---
[2025-10-30T15:50:28.222Z] ERROR: Failed to process armor item 16813 after 4 attempts
---
[2025-10-30T15:50:30.225Z] ERROR: Failed to process armor item 16921 after 4 attempts
---
[2025-10-30T15:50:32.229Z] ERROR: Failed to process armor item 17578 after 4 attempts
---
[2025-10-30T15:50:34.233Z] ERROR: Failed to process armor item 17602 after 4 attempts
---
[2025-10-30T15:50:36.236Z] ERROR: Failed to process armor item 19132 after 4 attempts
---
[2025-10-30T15:50:38.240Z] ERROR: Failed to process armor item 19375 after 4 attempts
---
[2025-10-30T15:50:40.244Z] ERROR: Failed to process armor item 21337 after 4 attempts
---
[2025-10-30T15:50:42.248Z] ERROR: Failed to process armor item 21347 after 4 attempts
---
[2025-10-30T15:50:44.252Z] ERROR: Failed to process armor item 21472 after 4 attempts
---
[2025-10-30T15:50:46.256Z] ERROR: Failed to process armor item 21517 after 4 attempts
---
[2025-10-30T16:59:27.792Z] ERROR: Failed to process armor item 4718 after 4 attempts
---
[2025-10-30T16:59:29.797Z] ERROR: Failed to process armor item 4734 after 4 attempts
---
[2025-10-30T16:59:32.399Z] ERROR: Failed to process armor item 5274 after 4 attempts
---
[2025-10-30T16:59:34.402Z] ERROR: Failed to process armor item 6395 after 4 attempts
---
[2025-10-30T16:59:36.408Z] ERROR: Failed to process armor item 6617 after 4 attempts
---
[2025-10-30T16:59:38.411Z] ERROR: Failed to process armor item 7057 after 4 attempts
---
[2025-10-30T17:03:51.194Z] ERROR: Failed to process armor item 7473 after 4 attempts
---
[2025-10-30T17:03:53.204Z] ERROR: Failed to process armor item 7523 after 4 attempts
---
[2025-10-30T17:03:55.209Z] ERROR: Failed to process armor item 7712 after 4 attempts
---
[2025-10-30T17:03:57.213Z] ERROR: Failed to process armor item 7750 after 4 attempts
---
[2025-10-30T17:04:10.681Z] ERROR: Failed to process armor item 8111 after 4 attempts
---
[2025-10-30T17:04:12.686Z] ERROR: Failed to process armor item 8250 after 4 attempts
---
[2025-10-30T17:04:14.691Z] ERROR: Failed to process armor item 9536 after 4 attempts
---
[2025-10-30T17:04:16.697Z] ERROR: Failed to process armor item 9796 after 4 attempts
---
[2025-10-30T17:15:53.714Z] ERROR: Failed to process armor item 9881 after 4 attempts
---
[2025-10-30T17:15:55.717Z] ERROR: Failed to process armor item 9912 after 4 attempts
---
[2025-10-30T17:15:57.729Z] ERROR: Failed to process armor item 10028 after 4 attempts
---
[2025-10-30T17:15:59.735Z] ERROR: Failed to process armor item 10029 after 4 attempts
---
[2025-10-30T17:29:03.770Z] ERROR: Failed to process armor item 10038 after 4 attempts
---
[2025-10-30T17:29:05.774Z] ERROR: Failed to process armor item 10142 after 4 attempts
---
[2025-10-30T17:29:07.778Z] ERROR: Failed to process armor item 10172 after 4 attempts
---
[2025-10-30T17:29:09.782Z] ERROR: Failed to process armor item 10253 after 4 attempts
---
[2025-10-30T17:29:11.725Z] ERROR: Failed to process armor item 10287 after 4 attempts
---
[2025-10-30T17:29:13.730Z] ERROR: Failed to process armor item 10657 after 4 attempts
---
[2025-10-30T17:29:15.735Z] ERROR: Failed to process armor item 11884 after 4 attempts
---
[2025-10-30T17:29:17.737Z] ERROR: Failed to process armor item 13867 after 4 attempts
---
[2025-10-30T17:29:19.740Z] ERROR: Failed to process armor item 14112 after 4 attempts
---
[2025-10-30T17:46:45.914Z] ERROR: Failed to process armor item 14186 after 4 attempts
---
[2025-10-30T17:46:47.917Z] ERROR: Failed to process armor item 14223 after 4 attempts
---
[2025-10-30T17:46:49.920Z] ERROR: Failed to process armor item 14247 after 4 attempts
---
[2025-10-30T17:48:02.629Z] ERROR: Failed to process armor item 14273 after 4 attempts
---
[2025-10-30T17:48:04.631Z] ERROR: Failed to process armor item 14278 after 4 attempts
---
[2025-10-30T17:48:06.634Z] ERROR: Failed to process armor item 14325 after 4 attempts
---
[2025-10-30T17:48:08.638Z] ERROR: Failed to process armor item 14378 after 4 attempts
---
[2025-10-30T17:48:21.180Z] ERROR: Failed to process armor item 14397 after 4 attempts
---
[2025-10-30T17:48:23.182Z] ERROR: Failed to process armor item 14412 after 4 attempts
---
[2025-10-30T17:48:25.185Z] ERROR: Failed to process armor item 14423 after 4 attempts
---
[2025-10-30T17:48:27.187Z] ERROR: Failed to process armor item 14452 after 4 attempts
---
[2025-10-30T17:48:41.688Z] ERROR: Failed to process armor item 15812 after 4 attempts
---
[2025-10-30T17:48:43.691Z] ERROR: Failed to process armor item 17047 after 4 attempts
---
[2025-10-30T17:48:45.694Z] ERROR: Failed to process armor item 19507 after 4 attempts
---
[2025-10-30T17:48:47.698Z] ERROR: Failed to process armor item 58066 after 4 attempts
---
[2025-10-30T17:48:57.593Z] ERROR: Failed to process armor item 58267 after 4 attempts
---
[2025-10-30T17:48:59.597Z] ERROR: Failed to process armor item 81354 after 4 attempts
---
[2025-10-30T17:49:01.599Z] ERROR: Failed to process armor item 83293 after 4 attempts
---
[2025-10-30T17:49:03.602Z] ERROR: Failed to process armor item 4314 after 4 attempts
---
[2025-10-30T17:49:06.125Z] ERROR: Failed to process armor item 4698 after 4 attempts
---
[2025-10-30T17:49:08.127Z] ERROR: Failed to process armor item 6566 after 4 attempts
---
[2025-10-30T17:49:10.130Z] ERROR: Failed to process armor item 6664 after 4 attempts
---
[2025-10-30T17:49:12.135Z] ERROR: Failed to process armor item 7435 after 4 attempts
---
[2025-10-30T17:49:14.355Z] ERROR: Failed to process armor item 14126 after 4 attempts
---
[2025-10-30T17:49:16.358Z] ERROR: Failed to process armor item 14157 after 4 attempts
---
[2025-10-30T17:49:18.363Z] ERROR: Failed to process armor item 14169 after 4 attempts
---
[2025-10-30T17:49:20.367Z] ERROR: Failed to process armor item 14170 after 4 attempts
---
[2025-10-30T17:50:52.660Z] ERROR: Failed to process armor item 14182 after 4 attempts
---
[2025-10-30T17:50:54.663Z] ERROR: Failed to process armor item 14201 after 4 attempts
---
[2025-10-30T17:50:56.667Z] ERROR: Failed to process armor item 14212 after 4 attempts
---
[2025-10-30T17:50:58.671Z] ERROR: Failed to process armor item 14368 after 4 attempts
---
[2025-10-30T18:08:33.074Z] ERROR: Failed to process armor item 14432 after 4 attempts
---
[2025-10-30T18:08:35.079Z] ERROR: Failed to process armor item 14443 after 4 attempts
---
[2025-10-30T18:08:37.086Z] ERROR: Failed to process armor item 20406 after 4 attempts
---
[2025-10-30T18:24:19.689Z] ERROR: Failed to process armor item 23324 after 4 attempts
---
[2025-10-30T18:24:21.693Z] ERROR: Failed to process armor item 41487 after 4 attempts
---
[2025-10-30T18:24:23.756Z] ERROR: Failed to process armor item 41621 after 4 attempts
---
[2025-10-30T18:39:30.545Z] ERROR: Failed to process armor item 41622 after 4 attempts
---
[2025-10-30T18:39:32.547Z] ERROR: Failed to process armor item 41623 after 4 attempts
---
[2025-10-30T18:39:34.547Z] ERROR: Failed to process armor item 41624 after 4 attempts
---
[2025-10-30T18:54:40.970Z] ERROR: Failed to process armor item 41625 after 4 attempts
---
[2025-10-30T18:54:42.974Z] ERROR: Failed to process armor item 41626 after 4 attempts
---
[2025-10-30T18:54:44.976Z] ERROR: Failed to process armor item 41627 after 4 attempts
---
[2025-10-30T19:00:24.546Z] ERROR: Failed to process armor item 41628 after 4 attempts
---
[2025-10-30T19:00:26.547Z] ERROR: Failed to process armor item 49990 after 4 attempts
---
[2025-10-30T19:00:28.549Z] ERROR: Failed to process armor item 49991 after 4 attempts
---
[2025-10-30T19:00:30.552Z] ERROR: Failed to process armor item 50040 after 4 attempts
---
[2025-10-30T19:15:53.143Z] ERROR: Failed to process armor item 50099 after 4 attempts
---
[2025-10-30T19:15:55.148Z] ERROR: Failed to process armor item 50305 after 4 attempts
---
[2025-10-30T19:15:57.155Z] ERROR: Failed to process armor item 50313 after 4 attempts
---
[2025-10-30T19:33:23.754Z] ERROR: Failed to process armor item 50321 after 4 attempts
---
[2025-10-30T19:33:25.759Z] ERROR: Failed to process armor item 50328 after 4 attempts
---
[2025-10-30T19:33:27.765Z] ERROR: Failed to process armor item 50335 after 4 attempts
---
[2025-10-30T19:50:03.528Z] ERROR: Failed to process armor item 50367 after 4 attempts
---
[2025-10-30T19:50:05.534Z] ERROR: Failed to process armor item 50373 after 4 attempts
---
[2025-10-30T19:50:07.537Z] ERROR: Failed to process armor item 50390 after 4 attempts
---
[2025-10-30T20:01:24.950Z] ERROR: Failed to process armor item 50414 after 4 attempts
---
[2025-10-30T20:01:26.951Z] ERROR: Failed to process armor item 50505 after 4 attempts
---
[2025-10-30T20:01:28.953Z] ERROR: Failed to process armor item 50518 after 4 attempts
---
[2025-10-30T20:01:30.956Z] ERROR: Failed to process armor item 51008 after 4 attempts
---
[2025-10-30T20:17:44.498Z] ERROR: Failed to process armor item 51018 after 4 attempts
---
[2025-10-30T20:17:46.430Z] ERROR: Failed to process armor item 51035 after 4 attempts
---
[2025-10-30T20:17:48.433Z] ERROR: Failed to process armor item 55005 after 4 attempts
---
[2025-10-30T20:20:38.147Z] ERROR: Failed to process armor item 55558 after 4 attempts
---
[2025-10-30T20:20:40.152Z] ERROR: Failed to process armor item 55566 after 4 attempts
---
[2025-10-30T20:20:42.158Z] ERROR: Failed to process armor item 55574 after 4 attempts
---
[2025-10-30T20:20:44.163Z] ERROR: Failed to process armor item 61672 after 4 attempts
---
[2025-10-30T20:36:17.462Z] ERROR: Failed to process armor item 83540 after 4 attempts
---
[2025-10-30T20:36:19.466Z] ERROR: Failed to process armor item 1769 after 4 attempts
---
[2025-10-30T20:36:21.470Z] ERROR: Failed to process armor item 1777 after 4 attempts
---
[2025-10-30T20:36:23.906Z] ERROR: Failed to process armor item 1785 after 4 attempts
---
[2025-10-30T20:52:12.398Z] ERROR: Failed to process armor item 3798 after 4 attempts
---
[2025-10-30T20:52:14.446Z] ERROR: Failed to process armor item 3942 after 4 attempts
---
[2025-10-30T20:52:16.493Z] ERROR: Failed to process armor item 3950 after 4 attempts
---
[2025-10-30T21:02:24.378Z] ERROR: Failed to process armor item 3958 after 4 attempts
---
[2025-10-30T21:02:26.423Z] ERROR: Failed to process armor item 14389 after 4 attempts
---
[2025-10-30T21:02:28.465Z] ERROR: Failed to process armor item 5202 after 4 attempts
---
[2025-10-30T21:02:30.508Z] ERROR: Failed to process armor item 9434 after 4 attempts
---
[2025-10-30T21:18:17.358Z] ERROR: Failed to process armor item 10021 after 4 attempts
---
[2025-10-30T21:18:19.397Z] ERROR: Failed to process armor item 10581 after 4 attempts
---
[2025-10-30T21:18:21.432Z] ERROR: Failed to process armor item 19682 after 4 attempts
---
[2025-10-30T21:30:00.733Z] ERROR: Failed to process armor item 21183 after 4 attempts
---
[2025-10-30T21:30:02.776Z] ERROR: Failed to process armor item 22652 after 4 attempts
---
[2025-10-30T21:48:16.906Z] ERROR: Failed to process armor item 41703 after 4 attempts
---
[2025-10-30T21:48:18.950Z] ERROR: Failed to process armor item 47080 after 4 attempts
---
[2025-10-30T22:03:24.532Z] ERROR: Failed to process armor item 47088 after 4 attempts
---
[2025-10-30T23:59:04.212Z] ERROR: Failed to process armor item 55052 after 4 attempts
---
[2025-10-30T23:59:06.216Z] ERROR: Failed to process armor item 55478 after 4 attempts
---
[2025-10-30T23:59:08.219Z] ERROR: Failed to process armor item 55520 after 4 attempts
---
[2025-10-30T23:59:10.224Z] ERROR: Failed to process armor item 58237 after 4 attempts
---
[2025-10-30T23:59:12.227Z] ERROR: Failed to process armor item 60542 after 4 attempts
---
[2025-10-30T23:59:14.230Z] ERROR: Failed to process armor item 60794 after 4 attempts
---
[2025-10-30T23:59:16.234Z] ERROR: Failed to process armor item 61206 after 4 attempts
---
[2025-10-30T23:59:18.237Z] ERROR: Failed to process armor item 61269 after 4 attempts
---
[2025-10-30T23:59:20.240Z] ERROR: Failed to process armor item 61284 after 4 attempts
---
[2025-10-30T23:59:22.244Z] ERROR: Failed to process armor item 65003 after 4 attempts
---
[2025-10-30T23:59:24.248Z] ERROR: Failed to process armor item 70599 after 4 attempts
---
[2025-10-30T23:59:26.252Z] ERROR: Failed to process armor item 70615 after 4 attempts
---
[2025-10-30T23:59:28.256Z] ERROR: Failed to process armor item 70628 after 4 attempts
---
[2025-10-30T23:59:30.259Z] ERROR: Failed to process armor item 70642 after 4 attempts
---
[2025-10-30T23:59:32.263Z] ERROR: Failed to process armor item 70734 after 4 attempts
---
[2025-10-30T23:59:34.266Z] ERROR: Failed to process armor item 83082 after 4 attempts
---
[2025-10-30T23:59:36.270Z] ERROR: Failed to process armor item 83207 after 4 attempts
---
[2025-10-30T23:59:38.274Z] ERROR: Failed to process armor item 83227 after 4 attempts
---
[2025-10-30T23:59:40.277Z] ERROR: Failed to process armor item 83281 after 4 attempts
---
[2025-10-30T23:59:42.281Z] ERROR: Failed to process armor item 83287 after 4 attempts
---
[2025-10-30T23:59:44.284Z] ERROR: Failed to process armor item 83426 after 4 attempts
---
[2025-10-30T23:59:46.288Z] ERROR: Failed to process armor item 1486 after 4 attempts
---
[2025-10-30T23:59:48.291Z] ERROR: Failed to process armor item 2578 after 4 attempts
---
[2025-10-30T23:59:50.296Z] ERROR: Failed to process armor item 3292 after 4 attempts
---
[2025-10-30T23:59:52.300Z] ERROR: Failed to process armor item 3310 after 4 attempts
---
[2025-10-30T23:59:54.304Z] ERROR: Failed to process armor item 4324 after 4 attempts
---
[2025-10-30T23:59:56.308Z] ERROR: Failed to process armor item 5420 after 4 attempts
---
[2025-10-30T23:59:58.312Z] ERROR: Failed to process armor item 6240 after 4 attempts
---
[2025-10-31T00:00:00.315Z] ERROR: Failed to process armor item 6608 after 4 attempts
---
[2025-10-31T00:00:02.319Z] ERROR: Failed to process armor item 7112 after 4 attempts
---
[2025-10-31T00:00:04.322Z] ERROR: Failed to process armor item 8283 after 4 attempts
---
[2025-10-31T00:00:06.325Z] ERROR: Failed to process armor item 9415 after 4 attempts
---
[2025-10-31T00:00:08.328Z] ERROR: Failed to process armor item 9516 after 4 attempts
---
[2025-10-31T00:00:10.333Z] ERROR: Failed to process armor item 9844 after 4 attempts
---
[2025-10-31T00:00:12.338Z] ERROR: Failed to process armor item 9946 after 4 attempts
---
[2025-10-31T00:00:14.342Z] ERROR: Failed to process armor item 9998 after 4 attempts
---
[2025-10-31T00:00:16.345Z] ERROR: Failed to process armor item 10104 after 4 attempts
---
[2025-10-31T00:00:18.347Z] ERROR: Failed to process armor item 10806 after 4 attempts
---
[2025-10-31T00:00:20.349Z] ERROR: Failed to process armor item 12609 after 4 attempts
---
[2025-10-31T00:00:22.352Z] ERROR: Failed to process armor item 13388 after 4 attempts
---
[2025-10-31T00:00:24.353Z] ERROR: Failed to process armor item 14042 after 4 attempts
---
[2025-10-31T00:00:26.357Z] ERROR: Failed to process armor item 14094 after 4 attempts
---
[2025-10-31T00:00:28.360Z] ERROR: Failed to process armor item 14121 after 4 attempts
---
[2025-10-31T00:00:30.364Z] ERROR: Failed to process armor item 14138 after 4 attempts
---
[2025-10-31T00:00:32.368Z] ERROR: Failed to process armor item 14175 after 4 attempts
---
[2025-10-31T00:00:34.371Z] ERROR: Failed to process armor item 14267 after 4 attempts
---
[2025-10-31T00:00:36.375Z] ERROR: Failed to process armor item 14288 after 4 attempts
---
[2025-10-31T00:00:38.378Z] ERROR: Failed to process armor item 14306 after 4 attempts
---
[2025-10-31T00:00:40.382Z] ERROR: Failed to process armor item 14308 after 4 attempts
---
[2025-10-31T00:00:42.386Z] ERROR: Failed to process armor item 20642 after 4 attempts
---
[2025-10-31T00:00:44.389Z] ERROR: Failed to process armor item 22756 after 4 attempts
---
[2025-10-31T00:00:46.394Z] ERROR: Failed to process armor item 41911 after 4 attempts
---
[2025-10-31T00:00:48.398Z] ERROR: Failed to process armor item 51403 after 4 attempts
---
[2025-10-31T00:00:50.401Z] ERROR: Failed to process armor item 58142 after 4 attempts
---
[2025-10-31T00:00:52.404Z] ERROR: Failed to process armor item 58177 after 4 attempts
---
[2025-10-31T00:00:54.408Z] ERROR: Failed to process armor item 60425 after 4 attempts
---
[2025-10-31T00:00:56.411Z] ERROR: Failed to process armor item 61002 after 4 attempts
---
[2025-10-31T00:00:58.415Z] ERROR: Failed to process armor item 61061 after 4 attempts
---
[2025-10-31T00:01:00.419Z] ERROR: Failed to process armor item 61250 after 4 attempts
---
[2025-10-31T00:01:02.422Z] ERROR: Failed to process armor item 61319 after 4 attempts
---
[2025-10-31T00:01:04.426Z] ERROR: Failed to process armor item 61326 after 4 attempts
---
[2025-10-31T00:01:06.430Z] ERROR: Failed to process armor item 61514 after 4 attempts
---
[2025-10-31T00:01:08.433Z] ERROR: Failed to process armor item 70005 after 4 attempts
---
[2025-10-31T00:01:10.436Z] ERROR: Failed to process armor item 80133 after 4 attempts
---
[2025-10-31T00:01:12.439Z] ERROR: Failed to process armor item 80512 after 4 attempts
---
[2025-10-31T03:24:35.228Z] ERROR: Failed to process armor item 11469 after 4 attempts
---
[2025-10-31T03:24:37.237Z] ERROR: Failed to process armor item 11875 after 4 attempts
---
[2025-10-31T03:35:51.504Z] ERROR: Failed to process armor item 14148 after 4 attempts
---
[2025-10-31T03:35:53.510Z] ERROR: Failed to process armor item 14166 after 4 attempts
---
[2025-10-31T03:35:55.517Z] ERROR: Failed to process armor item 14221 after 4 attempts
---
[2025-10-31T03:35:57.522Z] ERROR: Failed to process armor item 14226 after 4 attempts
---
[2025-10-31T03:35:59.526Z] ERROR: Failed to process armor item 14240 after 4 attempts
---
[2025-10-31T03:36:01.530Z] ERROR: Failed to process armor item 14260 after 4 attempts
---
[2025-10-31T03:36:03.534Z] ERROR: Failed to process armor item 14268 after 4 attempts
---
[2025-10-31T03:36:05.537Z] ERROR: Failed to process armor item 14291 after 4 attempts
---
[2025-10-31T03:36:07.543Z] ERROR: Failed to process armor item 14301 after 4 attempts
---
[2025-10-31T03:36:09.548Z] ERROR: Failed to process armor item 14311 after 4 attempts
---
[2025-10-31T03:36:11.552Z] ERROR: Failed to process armor item 14330 after 4 attempts
---
[2025-10-31T03:36:13.557Z] ERROR: Failed to process armor item 14457 after 4 attempts
---
[2025-10-31T03:36:15.560Z] ERROR: Failed to process armor item 15452 after 4 attempts
---
[2025-10-31T03:36:17.565Z] ERROR: Failed to process armor item 15864 after 4 attempts
---
[2025-10-31T03:36:19.570Z] ERROR: Failed to process armor item 20339 after 4 attempts
---
[2025-10-31T03:36:21.576Z] ERROR: Failed to process armor item 41318 after 4 attempts
---
[2025-10-31T03:36:23.582Z] ERROR: Failed to process armor item 41575 after 4 attempts
---
[2025-10-31T03:36:25.585Z] ERROR: Failed to process armor item 55144 after 4 attempts
---
[2025-10-31T03:36:27.590Z] ERROR: Failed to process armor item 55161 after 4 attempts
---
[2025-10-31T03:36:29.594Z] ERROR: Failed to process armor item 55177 after 4 attempts
---
[2025-10-31T03:36:31.599Z] ERROR: Failed to process armor item 55180 after 4 attempts
---
[2025-10-31T03:36:33.603Z] ERROR: Failed to process armor item 55273 after 4 attempts
---
[2025-10-31T03:36:35.608Z] ERROR: Failed to process armor item 55329 after 4 attempts
---
[2025-10-31T03:36:37.612Z] ERROR: Failed to process armor item 56045 after 4 attempts
---
[2025-10-31T03:52:10.496Z] ERROR: Failed to process armor item 56050 after 4 attempts
---
[2025-10-31T03:52:12.505Z] ERROR: Failed to process armor item 61259 after 4 attempts
---
[2025-10-31T03:52:14.512Z] ERROR: Failed to process armor item 61493 after 4 attempts
---
[2025-10-31T03:52:16.516Z] ERROR: Failed to process armor item 70240 after 4 attempts
---
[2025-10-31T03:52:18.520Z] ERROR: Failed to process armor item 3645 after 4 attempts
---
[2025-10-31T03:52:20.526Z] ERROR: Failed to process armor item 4036 after 4 attempts
---
[2025-10-31T03:52:22.530Z] ERROR: Failed to process armor item 4045 after 4 attempts
---
[2025-10-31T03:52:24.535Z] ERROR: Failed to process armor item 4545 after 4 attempts
---
[2025-10-31T06:55:00.945Z] ERROR: Failed to process armor item 10099 after 4 attempts
---
[2025-10-31T09:46:11.383Z] ERROR: Failed to process armor item 14686 after 4 attempts
---
[2025-10-31T10:11:57.874Z] ERROR: Failed to process armor item 60283 after 4 attempts
---
[2025-10-31T14:07:36.967Z] ERROR: Failed to process armor item 4253 after 4 attempts
---
[2025-10-31T14:07:38.974Z] ERROR: Failed to process armor item 4254 after 4 attempts
---
[2025-10-31T14:24:02.394Z] ERROR: Failed to process armor item 6397 after 4 attempts
---
[2025-10-31T14:24:04.405Z] ERROR: Failed to process armor item 6467 after 4 attempts
---
[2025-10-31T16:27:38.929Z] ERROR: Failed to process armor item 23260 after 4 attempts
---
[2025-10-31T16:27:40.935Z] ERROR: Failed to process armor item 23307 after 4 attempts
---
[2025-10-31T16:27:42.941Z] ERROR: Failed to process armor item 55025 after 4 attempts
---
[2025-10-31T16:43:38.387Z] ERROR: Failed to process armor item 55527 after 4 attempts
---
[2025-10-31T16:43:40.390Z] ERROR: Failed to process armor item 60275 after 4 attempts
---
[2025-10-31T16:43:42.394Z] ERROR: Failed to process armor item 60529 after 4 attempts
---
[2025-10-31T16:43:44.398Z] ERROR: Failed to process armor item 60691 after 4 attempts
---
[2025-10-31T16:43:46.401Z] ERROR: Failed to process armor item 60727 after 4 attempts
---
[2025-10-31T16:43:48.405Z] ERROR: Failed to process armor item 60792 after 4 attempts
---
[2025-10-31T16:43:50.410Z] ERROR: Failed to process armor item 61017 after 4 attempts
---
[2025-10-31T16:43:52.413Z] ERROR: Failed to process armor item 61335 after 4 attempts
---
[2025-10-31T16:43:54.416Z] ERROR: Failed to process armor item 65001 after 4 attempts
---
[2025-10-31T16:43:56.421Z] ERROR: Failed to process armor item 70037 after 4 attempts
---
[2025-10-31T16:43:58.426Z] ERROR: Failed to process armor item 81005 after 4 attempts
---
[2025-10-31T16:44:00.430Z] ERROR: Failed to process armor item 3480 after 4 attempts
---
[2025-10-31T16:44:02.435Z] ERROR: Failed to process armor item 3481 after 4 attempts
---
[2025-10-31T16:44:04.439Z] ERROR: Failed to process armor item 3840 after 4 attempts
---
[2025-10-31T16:44:06.444Z] ERROR: Failed to process armor item 4123 after 4 attempts
---
[2025-10-31T16:44:08.449Z] ERROR: Failed to process armor item 4443 after 4 attempts
---
[2025-10-31T16:44:10.453Z] ERROR: Failed to process armor item 4705 after 4 attempts
---
[2025-10-31T16:44:12.456Z] ERROR: Failed to process armor item 4833 after 4 attempts
---
[2025-10-31T16:44:14.462Z] ERROR: Failed to process armor item 6388 after 4 attempts
---
[2025-10-31T16:44:16.466Z] ERROR: Failed to process armor item 6404 after 4 attempts
---
[2025-10-31T16:44:18.471Z] ERROR: Failed to process armor item 6747 after 4 attempts
---
[2025-10-31T16:44:20.476Z] ERROR: Failed to process armor item 6792 after 4 attempts
---
[2025-10-31T16:44:22.481Z] ERROR: Failed to process armor item 7424 after 4 attempts
---
[2025-10-31T16:44:24.487Z] ERROR: Failed to process armor item 7459 after 4 attempts
---
[2025-10-31T16:44:26.492Z] ERROR: Failed to process armor item 8133 after 4 attempts
---
[2025-10-31T16:44:28.497Z] ERROR: Failed to process armor item 8310 after 4 attempts
---
[2025-10-31T16:44:30.503Z] ERROR: Failed to process armor item 9817 after 4 attempts
---
[2025-10-31T16:44:32.509Z] ERROR: Failed to process armor item 9872 after 4 attempts
---
[2025-10-31T16:44:34.512Z] ERROR: Failed to process armor item 9904 after 4 attempts
---
[2025-10-31T16:44:36.517Z] ERROR: Failed to process armor item 10085 after 4 attempts
---
[2025-10-31T16:44:38.522Z] ERROR: Failed to process armor item 10125 after 4 attempts
---
[2025-10-31T16:44:40.526Z] ERROR: Failed to process armor item 10163 after 4 attempts
---
[2025-10-31T16:44:42.531Z] ERROR: Failed to process armor item 10237 after 4 attempts
---
[2025-10-31T16:44:44.536Z] ERROR: Failed to process armor item 10274 after 4 attempts
---
[2025-10-31T16:44:46.542Z] ERROR: Failed to process armor item 12617 after 4 attempts
---
[2025-10-31T16:44:48.548Z] ERROR: Failed to process armor item 14749 after 4 attempts
---
[2025-10-31T16:44:50.553Z] ERROR: Failed to process armor item 14758 after 4 attempts
---
[2025-10-31T16:44:52.558Z] ERROR: Failed to process armor item 14767 after 4 attempts
---
[2025-10-31T16:44:54.562Z] ERROR: Failed to process armor item 14776 after 4 attempts
---
[2025-10-31T16:44:56.568Z] ERROR: Failed to process armor item 14787 after 4 attempts
---
[2025-10-31T16:44:58.573Z] ERROR: Failed to process armor item 14797 after 4 attempts
---
[2025-10-31T16:45:00.578Z] ERROR: Failed to process armor item 15081 after 4 attempts
---
[2025-10-31T16:45:02.582Z] ERROR: Failed to process armor item 15513 after 4 attempts
---
[2025-10-31T16:45:04.585Z] ERROR: Failed to process armor item 15523 after 4 attempts
---
[2025-10-31T16:45:06.591Z] ERROR: Failed to process armor item 15531 after 4 attempts
---
[2025-10-31T16:45:08.595Z] ERROR: Failed to process armor item 15562 after 4 attempts
---
[2025-10-31T16:45:10.599Z] ERROR: Failed to process armor item 15574 after 4 attempts
---
[2025-10-31T16:45:12.605Z] ERROR: Failed to process armor item 15583 after 4 attempts
---
[2025-10-31T16:45:14.610Z] ERROR: Failed to process armor item 15628 after 4 attempts
---
[2025-10-31T16:45:16.614Z] ERROR: Failed to process armor item 15638 after 4 attempts
---
[2025-10-31T16:45:18.618Z] ERROR: Failed to process armor item 15647 after 4 attempts
---
[2025-10-31T16:45:20.624Z] ERROR: Failed to process armor item 15656 after 4 attempts
---
[2025-10-31T16:45:22.629Z] ERROR: Failed to process armor item 15666 after 4 attempts
---
[2025-10-31T16:45:24.635Z] ERROR: Failed to process armor item 15677 after 4 attempts
---
[2025-10-31T16:45:26.640Z] ERROR: Failed to process armor item 17769 after 4 attempts
---
[2025-10-31T16:45:28.645Z] ERROR: Failed to process armor item 41787 after 4 attempts
---
[2025-10-31T16:45:30.651Z] ERROR: Failed to process armor item 41952 after 4 attempts
---
[2025-10-31T16:45:32.656Z] ERROR: Failed to process armor item 58170 after 4 attempts
---
[2025-10-31T16:45:34.661Z] ERROR: Failed to process armor item 60751 after 4 attempts
---
[2025-10-31T16:45:36.667Z] ERROR: Failed to process armor item 61539 after 4 attempts
---
[2025-10-31T16:45:38.672Z] ERROR: Failed to process armor item 70006 after 4 attempts
---
[2025-10-31T16:45:40.677Z] ERROR: Failed to process armor item 1445 after 4 attempts
---
[2025-10-31T16:54:31.040Z] ERROR: Failed to process armor item 1744 after 4 attempts
---
[2025-10-31T16:54:33.043Z] ERROR: Failed to process armor item 1752 after 4 attempts
---
[2025-10-31T16:54:35.050Z] ERROR: Failed to process armor item 1760 after 4 attempts
---
[2025-10-31T16:54:37.053Z] ERROR: Failed to process armor item 3814 after 4 attempts
---
[2025-10-31T16:54:39.056Z] ERROR: Failed to process armor item 3983 after 4 attempts
---
[2025-10-31T16:54:41.060Z] ERROR: Failed to process armor item 3998 after 4 attempts
---
[2025-10-31T16:54:43.063Z] ERROR: Failed to process armor item 4006 after 4 attempts
---
[2025-10-31T16:54:45.066Z] ERROR: Failed to process armor item 4014 after 4 attempts
---
[2025-10-31T16:54:47.070Z] ERROR: Failed to process armor item 4694 after 4 attempts
---
[2025-10-31T16:54:49.075Z] ERROR: Failed to process armor item 4728 after 4 attempts
---
[2025-10-31T16:54:51.078Z] ERROR: Failed to process armor item 6189 after 4 attempts
---
[2025-10-31T16:54:53.082Z] ERROR: Failed to process armor item 6579 after 4 attempts
---
[2025-10-31T16:54:55.086Z] ERROR: Failed to process armor item 8207 after 4 attempts
---
[2025-10-31T17:35:27.191Z] ERROR: Failed to process armor item 41113 after 4 attempts
---
[2025-10-31T17:35:29.198Z] ERROR: Failed to process armor item 51827 after 4 attempts
---
[2025-10-31T17:35:31.203Z] ERROR: Failed to process armor item 80212 after 4 attempts
---
[2025-10-31T17:51:01.361Z] ERROR: Failed to process armor item 6460 after 4 attempts
---
[2025-10-31T17:51:03.365Z] ERROR: Failed to process armor item 10768 after 4 attempts
---
[2025-10-31T17:51:05.368Z] ERROR: Failed to process armor item 11783 after 4 attempts
---
[2025-10-31T17:51:07.372Z] ERROR: Failed to process armor item 12634 after 4 attempts
---
[2025-10-31T17:51:09.376Z] ERROR: Failed to process armor item 13134 after 4 attempts
---
[2025-10-31T17:51:11.380Z] ERROR: Failed to process armor item 14614 after 4 attempts
---
[2025-10-31T17:51:13.384Z] ERROR: Failed to process armor item 16464 after 4 attempts
---
[2025-10-31T17:51:15.387Z] ERROR: Failed to process armor item 16572 after 4 attempts
---
[2025-10-31T17:51:17.391Z] ERROR: Failed to process armor item 16575 after 4 attempts
---
[2025-10-31T17:51:19.394Z] ERROR: Failed to process armor item 16673 after 4 attempts
---
[2025-10-31T17:51:21.398Z] ERROR: Failed to process armor item 16680 after 4 attempts
---
[2025-10-31T17:51:23.402Z] ERROR: Failed to process armor item 16838 after 4 attempts
---
[2025-10-31T17:51:25.404Z] ERROR: Failed to process armor item 16851 after 4 attempts
---
[2025-10-31T17:56:41.699Z] ERROR: Failed to process armor item 23663 after 4 attempts
---
[2025-10-31T19:10:57.664Z] ERROR: Failed to process armor item 2400 after 4 attempts
---
[2025-10-31T19:11:29.672Z] ERROR: Failed to process armor item 2418 after 4 attempts
---
[2025-10-31T19:12:01.677Z] ERROR: Failed to process armor item 2425 after 4 attempts
---
[2025-10-31T19:12:33.684Z] ERROR: Failed to process armor item 2646 after 4 attempts
---
[2025-10-31T19:13:05.693Z] ERROR: Failed to process armor item 2654 after 4 attempts
---
[2025-10-31T19:13:37.700Z] ERROR: Failed to process armor item 2852 after 4 attempts
---
[2025-10-31T19:14:09.708Z] ERROR: Failed to process armor item 2966 after 4 attempts
---
[2025-10-31T19:14:41.715Z] ERROR: Failed to process armor item 2978 after 4 attempts
---
[2025-10-31T19:15:13.721Z] ERROR: Failed to process armor item 3813 after 4 attempts
---
[2025-10-31T19:15:45.730Z] ERROR: Failed to process armor item 3997 after 4 attempts
---
[2025-10-31T19:16:17.738Z] ERROR: Failed to process armor item 4005 after 4 attempts
---
[2025-10-31T19:16:49.743Z] ERROR: Failed to process armor item 4013 after 4 attempts
---
[2025-10-31T19:17:21.751Z] ERROR: Failed to process armor item 4917 after 4 attempts
---
[2025-10-31T19:17:53.761Z] ERROR: Failed to process armor item 5941 after 4 attempts
---
[2025-10-31T19:18:25.779Z] ERROR: Failed to process armor item 8185 after 4 attempts
---
[2025-10-31T19:18:57.788Z] ERROR: Failed to process armor item 9964 after 4 attempts
---
[2025-10-31T19:19:29.795Z] ERROR: Failed to process armor item 10635 after 4 attempts
---
[2025-10-31T19:20:01.804Z] ERROR: Failed to process armor item 11852 after 4 attempts
---
[2025-10-31T19:20:33.811Z] ERROR: Failed to process armor item 14727 after 4 attempts
---
[2025-10-31T19:21:05.818Z] ERROR: Failed to process armor item 14816 after 4 attempts
---
[2025-10-31T19:21:37.824Z] ERROR: Failed to process armor item 15485 after 4 attempts
---
[2025-10-31T19:22:09.832Z] ERROR: Failed to process armor item 15541 after 4 attempts
---
[2025-10-31T19:22:41.836Z] ERROR: Failed to process armor item 15685 after 4 attempts
---
[2025-10-31T19:23:13.844Z] ERROR: Failed to process armor item 50423 after 4 attempts
---
[2025-10-31T19:23:45.852Z] ERROR: Failed to process armor item 51877 after 4 attempts
---
[2025-10-31T19:24:17.861Z] ERROR: Failed to process armor item 1678 after 4 attempts
---
[2025-10-31T19:24:49.869Z] ERROR: Failed to process armor item 9510 after 4 attempts
---
[2025-10-31T19:25:21.875Z] ERROR: Failed to process armor item 10846 after 4 attempts
---
[2025-10-31T19:25:53.885Z] ERROR: Failed to process armor item 14616 after 4 attempts
---
[2025-10-31T19:26:25.890Z] ERROR: Failed to process armor item 16462 after 4 attempts
---
[2025-10-31T19:26:57.896Z] ERROR: Failed to process armor item 16518 after 4 attempts
---
[2025-10-31T19:27:29.904Z] ERROR: Failed to process armor item 16531 after 4 attempts
---
[2025-10-31T19:28:01.911Z] ERROR: Failed to process armor item 16569 after 4 attempts
---
[2025-10-31T19:28:33.918Z] ERROR: Failed to process armor item 16573 after 4 attempts
---
[2025-10-31T19:29:05.925Z] ERROR: Failed to process armor item 16670 after 4 attempts
---
[2025-10-31T19:29:37.932Z] ERROR: Failed to process armor item 16675 after 4 attempts
---
[2025-10-31T19:30:09.938Z] ERROR: Failed to process armor item 16837 after 4 attempts
---
[2025-10-31T19:30:41.945Z] ERROR: Failed to process armor item 16849 after 4 attempts
---
[2025-10-31T19:31:13.953Z] ERROR: Failed to process armor item 16941 after 4 attempts
---
[2025-10-31T19:31:45.959Z] ERROR: Failed to process armor item 16949 after 4 attempts
---
[2025-10-31T19:32:17.966Z] ERROR: Failed to process armor item 16984 after 4 attempts
---
[2025-10-31T19:32:49.974Z] ERROR: Failed to process armor item 19144 after 4 attempts
---
[2025-10-31T19:33:21.983Z] ERROR: Failed to process armor item 19919 after 4 attempts
---
[2025-10-31T19:33:53.990Z] ERROR: Failed to process armor item 20621 after 4 attempts
---
[2025-10-31T19:34:25.996Z] ERROR: Failed to process armor item 20629 after 4 attempts
---
[2025-10-31T19:34:58.002Z] ERROR: Failed to process armor item 21365 after 4 attempts
---
[2025-10-31T19:35:30.011Z] ERROR: Failed to process armor item 21373 after 4 attempts
---
[2025-10-31T19:36:02.017Z] ERROR: Failed to process armor item 21482 after 4 attempts
---
[2025-10-31T19:36:34.022Z] ERROR: Failed to process armor item 21497 after 4 attempts
---
[2025-10-31T19:37:06.027Z] ERROR: Failed to process armor item 21612 after 4 attempts
---
[2025-10-31T19:37:38.034Z] ERROR: Failed to process armor item 21705 after 4 attempts
---
[2025-10-31T19:38:10.042Z] ERROR: Failed to process armor item 22061 after 4 attempts
---
[2025-10-31T19:38:42.049Z] ERROR: Failed to process armor item 22096 after 4 attempts
---
[2025-10-31T19:39:14.058Z] ERROR: Failed to process armor item 22440 after 4 attempts
---
[2025-10-31T19:39:46.064Z] ERROR: Failed to process armor item 22468 after 4 attempts
---
[2025-10-31T19:40:18.071Z] ERROR: Failed to process armor item 22843 after 4 attempts
---
[2025-10-31T19:40:50.077Z] ERROR: Failed to process armor item 22857 after 4 attempts
---
[2025-10-31T19:41:22.086Z] ERROR: Failed to process armor item 47127 after 4 attempts
---
[2025-10-31T19:41:54.091Z] ERROR: Failed to process armor item 47135 after 4 attempts
---
[2025-10-31T19:42:26.097Z] ERROR: Failed to process armor item 47143 after 4 attempts
---
[2025-10-31T19:42:58.104Z] ERROR: Failed to process armor item 47151 after 4 attempts
---
[2025-10-31T19:43:30.113Z] ERROR: Failed to process armor item 47156 after 4 attempts
---
[2025-10-31T19:44:02.117Z] ERROR: Failed to process armor item 47161 after 4 attempts
---
[2025-10-31T19:44:34.123Z] ERROR: Failed to process armor item 47169 after 4 attempts
---
[2025-10-31T19:45:06.132Z] ERROR: Failed to process armor item 47178 after 4 attempts
---
[2025-10-31T19:45:38.140Z] ERROR: Failed to process armor item 47184 after 4 attempts
---
[2025-10-31T19:46:10.146Z] ERROR: Failed to process armor item 47190 after 4 attempts
---
[2025-10-31T19:46:42.152Z] ERROR: Failed to process armor item 47196 after 4 attempts
---
[2025-10-31T19:47:14.159Z] ERROR: Failed to process armor item 47322 after 4 attempts
---
[2025-10-31T19:47:46.163Z] ERROR: Failed to process armor item 55280 after 4 attempts
---
[2025-10-31T19:48:18.171Z] ERROR: Failed to process armor item 58296 after 4 attempts
---
[2025-10-31T19:48:50.178Z] ERROR: Failed to process armor item 60353 after 4 attempts
---
[2025-10-31T19:49:22.188Z] ERROR: Failed to process armor item 60563 after 4 attempts
---
[2025-10-31T19:49:54.194Z] ERROR: Failed to process armor item 65015 after 4 attempts
---
[2025-10-31T19:50:26.200Z] ERROR: Failed to process armor item 83488 after 4 attempts
---
[2025-10-31T19:50:58.206Z] ERROR: Failed to process armor item 3847 after 4 attempts
---
[2025-10-31T19:51:30.212Z] ERROR: Failed to process armor item 10332 after 4 attempts
---
[2025-10-31T19:52:02.218Z] ERROR: Failed to process armor item 11627 after 4 attempts
---
[2025-10-31T19:52:34.224Z] ERROR: Failed to process armor item 11731 after 4 attempts
---
